Archive member included to satisfy reference by file (symbol)

C:/devkitPro/libogc/lib/wii\libwiiuse.a(wpad.o)
                              template.o (WPAD_Init)
C:/devkitPro/libogc/lib/wii\libwiiuse.a(motion_plus.o)
                              C:/devkitPro/libogc/lib/wii\libwiiuse.a(wpad.o) (wiiuse_set_motion_plus)
C:/devkitPro/libogc/lib/wii\libwiiuse.a(dynamics.o)
                              C:/devkitPro/libogc/lib/wii\libwiiuse.a(wpad.o) (calculate_gforce)
C:/devkitPro/libogc/lib/wii\libwiiuse.a(io.o)
                              C:/devkitPro/libogc/lib/wii\libwiiuse.a(motion_plus.o) (wiiuse_disable_expansion)
C:/devkitPro/libogc/lib/wii\libwiiuse.a(io_wii.o)
                              C:/devkitPro/libogc/lib/wii\libwiiuse.a(wpad.o) (__wiiuse_sensorbar_enable)
C:/devkitPro/libogc/lib/wii\libwiiuse.a(ir.o)
                              C:/devkitPro/libogc/lib/wii\libwiiuse.a(motion_plus.o) (wiiuse_set_ir_mode)
C:/devkitPro/libogc/lib/wii\libwiiuse.a(nunchuk.o)
                              C:/devkitPro/libogc/lib/wii\libwiiuse.a(io.o) (nunchuk_handshake)
C:/devkitPro/libogc/lib/wii\libwiiuse.a(wiiboard.o)
                              C:/devkitPro/libogc/lib/wii\libwiiuse.a(io.o) (wii_board_handshake)
C:/devkitPro/libogc/lib/wii\libwiiuse.a(wiiuse.o)
                              C:/devkitPro/libogc/lib/wii\libwiiuse.a(wpad.o) (wiiuse_init)
C:/devkitPro/libogc/lib/wii\libwiiuse.a(speaker.o)
                              C:/devkitPro/libogc/lib/wii\libwiiuse.a(wpad.o) (wencdata)
C:/devkitPro/libogc/lib/wii\libwiiuse.a(classic.o)
                              C:/devkitPro/libogc/lib/wii\libwiiuse.a(io.o) (classic_ctrl_handshake)
C:/devkitPro/libogc/lib/wii\libwiiuse.a(events.o)
                              C:/devkitPro/libogc/lib/wii\libwiiuse.a(io_wii.o) (parse_event)
C:/devkitPro/libogc/lib/wii\libwiiuse.a(guitar_hero_3.o)
                              C:/devkitPro/libogc/lib/wii\libwiiuse.a(io.o) (guitar_hero_3_handshake)
C:/devkitPro/libogc/lib/wii\libbte.a(bte.o)
                              C:/devkitPro/libogc/lib/wii\libwiiuse.a(wpad.o) (BTE_Init)
C:/devkitPro/libogc/lib/wii\libbte.a(hci.o)
                              C:/devkitPro/libogc/lib/wii\libbte.a(bte.o) (hci_init)
C:/devkitPro/libogc/lib/wii\libbte.a(l2cap.o)
                              C:/devkitPro/libogc/lib/wii\libbte.a(bte.o) (l2cap_init)
C:/devkitPro/libogc/lib/wii\libbte.a(btmemb.o)
                              C:/devkitPro/libogc/lib/wii\libbte.a(bte.o) (btmemb_init)
C:/devkitPro/libogc/lib/wii\libbte.a(btmemr.o)
                              C:/devkitPro/libogc/lib/wii\libbte.a(hci.o) (btmemr_init)
C:/devkitPro/libogc/lib/wii\libbte.a(btpbuf.o)
                              C:/devkitPro/libogc/lib/wii\libbte.a(hci.o) (btpbuf_init)
C:/devkitPro/libogc/lib/wii\libbte.a(physbusif.o)
                              C:/devkitPro/libogc/lib/wii\libbte.a(bte.o) (physbusif_init)
C:/devkitPro/libogc/lib/wii\libogc.a(console.o)
                              template.o (CON_Init)
C:/devkitPro/libogc/lib/wii\libogc.a(lwp_queue.o)
                              C:/devkitPro/libogc/lib/wii\libwiiuse.a(io_wii.o) (__lwp_queue_initialize)
C:/devkitPro/libogc/lib/wii\libogc.a(lwp_threads.o)
                              C:/devkitPro/libogc/lib/wii\libwiiuse.a(wpad.o) (_thread_dispatch_disable_level)
C:/devkitPro/libogc/lib/wii\libogc.a(lwp.o)
                              C:/devkitPro/libogc/lib/wii\libbte.a(bte.o) (LWP_InitQueue)
C:/devkitPro/libogc/lib/wii\libogc.a(lwp_handler.o)
                              C:/devkitPro/libogc/lib/wii\libogc.a(lwp_threads.o) (_cpu_context_save_fp)
C:/devkitPro/libogc/lib/wii\libogc.a(lwp_stack.o)
                              C:/devkitPro/libogc/lib/wii\libogc.a(lwp_threads.o) (__lwp_stack_allocate)
C:/devkitPro/libogc/lib/wii\libogc.a(lwp_watchdog.o)
                              C:/devkitPro/libogc/lib/wii\libogc.a(lwp_threads.o) (__lwp_wd_insert)
C:/devkitPro/libogc/lib/wii\libogc.a(lwp_wkspace.o)
                              C:/devkitPro/libogc/lib/wii\libwiiuse.a(motion_plus.o) (__wkspace_heap)
C:/devkitPro/libogc/lib/wii\libogc.a(lwp_objmgr.o)
                              C:/devkitPro/libogc/lib/wii\libogc.a(lwp.o) (__lwp_objmgr_initinfo)
C:/devkitPro/libogc/lib/wii\libogc.a(lwp_heap.o)
                              C:/devkitPro/libogc/lib/wii\libogc.a(lwp_wkspace.o) (__lwp_heap_init)
C:/devkitPro/libogc/lib/wii\libogc.a(sys_state.o)
                              C:/devkitPro/libogc/lib/wii\libogc.a(lwp_threads.o) (_sys_state_curr)
C:/devkitPro/libogc/lib/wii\libogc.a(irq.o)
                              C:/devkitPro/libogc/lib/wii\libwiiuse.a(io_wii.o) (IRQ_Disable)
C:/devkitPro/libogc/lib/wii\libogc.a(video.o)
                              C:/devkitPro/libogc/lib/wii\libogc.a(console.o) (VIDEO_GetCurrentFramebuffer)
C:/devkitPro/libogc/lib/wii\libogc.a(system.o)
[...]
Memory Configuration

Name             Origin             Length             Attributes
*default*        0x0000000000000000 0xffffffffffffffff

Linker script and memory map

                0x0000000000003400                . = 0x3400

.stub
 *(.stub)
                0x0000000080004000                . = 0x80004000

.init           0x0000000080004000      0x194
 *crt0.o(*.init)
 .init          0x0000000080004000      0x170 C:/devkitPro/libogc/lib/wii\libogc.a(ogc_crt0.o)
                0x0000000080004000                _start
                0x0000000080004140                _memset
 *(.init)
 .init          0x0000000080004170        0xc c:/devkitpro/devkitppc/bin/../lib/gcc/powerpc-eabi/12.1.0/ecrti.o
                0x0000000080004170                __init
 .init          0x000000008000417c        0x4 c:/devkitpro/devkitppc/bin/../lib/gcc/powerpc-eabi/12.1.0/crtbegin.o
 .init          0x0000000080004180        0x4 c:/devkitpro/devkitppc/bin/../lib/gcc/powerpc-eabi/12.1.0/crtend.o
 .init          0x0000000080004184       0x10 c:/devkitpro/devkitppc/bin/../lib/gcc/powerpc-eabi/12.1.0/ecrtn.o

.rela.dyn       0x0000000080004194        0x0
 .rela.iplt     0x0000000080004194        0x0 c:/devkitpro/devkitppc/bin/../lib/gcc/powerpc-eabi/12.1.0/crtbegin.o

.plt
 *(.plt)

.interp
 *(.interp)

.hash
 *(.hash)

.dynsym
 *(.dynsym)

.dynstr
 *(.dynstr)

.gnu.version
 *(.gnu.version)

.gnu.version_d
 *(.gnu.version_d)

.gnu.version_r
 *(.gnu.version_r)

.rel.init
 *(.rel.init)

.rela.init      0x0000000080004194        0x0
 *(.rela.init)
 .rela.init     0x0000000080004194        0x0 c:/devkitpro/devkitppc/bin/../lib/gcc/powerpc-eabi/12.1.0/crtbegin.o

.rel.text
 *(.rel.text .rel.text.* .rel.gnu.linkonce.t.*)

.rela.text      0x0000000080004194        0x0
 *(.rela.text .rela.text.* .rela.gnu.linkonce.t.*)
 .rela.text.__do_global_dtors_aux
                0x0000000080004194        0x0 c:/devkitpro/devkitppc/bin/../lib/gcc/powerpc-eabi/12.1.0/crtbegin.o
 .rela.text.frame_dummy
                0x0000000080004194        0x0 c:/devkitpro/devkitppc/bin/../lib/gcc/powerpc-eabi/12.1.0/crtbegin.o
 .rela.text.__lwp_sysinit
                0x0000000080004194        0x0 c:/devkitpro/devkitppc/bin/../lib/gcc/powerpc-eabi/12.1.0/crtbegin.o
 .rela.text.__irq_init
                0x0000000080004194        0x0 c:/devkitpro/devkitppc/bin/../lib/gcc/powerpc-eabi/12.1.0/crtbegin.o
 .rela.text.SYS_Init
                0x0000000080004194        0x0 c:/devkitpro/devkitppc/bin/../lib/gcc/powerpc-eabi/12.1.0/crtbegin.o
 .rela.text.__CheckARGV
                0x0000000080004194        0x0 c:/devkitpro/devkitppc/bin/../lib/gcc/powerpc-eabi/12.1.0/crtbegin.o
 .rela.text.__GX_InitRevBits
                0x0000000080004194        0x0 c:/devkitpro/devkitppc/bin/../lib/gcc/powerpc-eabi/12.1.0/crtbegin.o
 .rela.text.GX_AbortFrame
                0x0000000080004194        0x0 c:/devkitpro/devkitppc/bin/../lib/gcc/powerpc-eabi/12.1.0/crtbegin.o

.rel.fini
 *(.rel.fini)

.rela.fini
 *(.rela.fini)

.rel.rodata
 *(.rel.rodata .rel.rodata.* .rel.gnu.linkonce.r.*)

.rela.rodata
 *(.rela.rodata .rela.rodata.* .rela.gnu.linkonce.r.*)

.rel.data
 *(.rel.data .rel.data.* .rel.gnu.linkonce.d.*)

.rela.data
 *(.rela.data .rela.data.* .rela.gnu.linkonce.d.*)

.rel.tdata
 *(.rel.tdata .rel.tdata.* .rel.gnu.linkonce.td.*)

.rela.tdata
 *(.rela.tdata .rela.tdata.* .rela.gnu.linkonce.td.*)

.rel.tbss
 *(.rel.tbss .rel.tbss.* .rel.gnu.linkonce.tb.*)

.rela.tbss
 *(.rela.tbss .rela.tbss.* .rela.gnu.linkonce.tb.*)

.rel.ctors
 *(.rel.ctors)

.rela.ctors
 *(.rela.ctors)

.rel.dtors
 *(.rel.dtors)

.rela.dtors
 *(.rela.dtors)

.rel.got
 *(.rel.got)

.rela.got
 *(.rela.got)

.rela.got1
 *(.rela.got1)

.rela.got2
 *(.rela.got2)

.rel.sdata
 *(.rel.sdata .rel.sdata.* .rel.gnu.linkonce.s.*)

.rela.sdata
 *(.rela.sdata .rela.sdata.* .rela.gnu.linkonce.s.*)

.rel.sbss
 *(.rel.sbss .rel.sbss.* .rel.gnu.linkonce.sb.*)

.rela.sbss
 *(.rela.sbss .rela.sbss.* .rel.gnu.linkonce.sb.*)

.rel.sdata2
 *(.rel.sdata2 .rel.sdata2.* .rel.gnu.linkonce.s2.*)

.rela.sdata2    0x0000000080004194        0x0
 *(.rela.sdata2 .rela.sdata2.* .rela.gnu.linkonce.s2.*)
 .rela.sdata2.__sys_inIPL
                0x0000000080004194        0x0 c:/devkitpro/devkitppc/bin/../lib/gcc/powerpc-eabi/12.1.0/crtbegin.o

.rel.sbss2
 *(.rel.sbss2 .rel.sbss2.* .rel.gnu.linkonce.sb2.*)

.rela.sbss2
 *(.rela.sbss2 .rela.sbss2.* .rela.gnu.linkonce.sb2.*)

.rel.bss
 *(.rel.bss .rel.bss.* .rel.gnu.linkonce.b.*)

.rela.bss
 *(.rela.bss .rela.bss.* .rela.gnu.linkonce.b.*)

.rel.plt
 *(.rel.plt)

.rela.plt
 *(.rela.plt)

.text           0x00000000800041a0    0x3b1a0
 *(.text)
 .text          0x00000000800041a0      0x44c C:/devkitPro/libogc/lib/wii\libogc.a(lwp_handler.o)
                0x00000000800041a0                _cpu_context_save_fp
                0x00000000800042e0                _cpu_context_restore_fp
                0x0000000080004420                _cpu_context_switch
                0x0000000080004500                _cpu_context_save
                0x0000000080004580                _cpu_context_restore
 .text          0x00000000800045ec      0x4a0 C:/devkitPro/libogc/lib/wii\libogc.a(system_asm.o)
                0x00000000800045ec                __realmode
                0x0000000080004604                __configBATS
                0x0000000080004734                __InitFPRS
                0x0000000080004860                __InitPS
                0x00000000800048bc                __InitCache
                0x0000000080004914                __InitSystem
                0x000000008000499c                __flush_cache
                0x00000000800049d0                __reset
                0x0000000080004a40                __InitBATS
                0x0000000080004a5c                SYS_SwitchFiber
 .text          0x0000000080004a8c      0x1ac C:/devkitPro/libogc/lib/wii\libogc.a(irq_handler.o)
                0x0000000080004a8c                irq_exceptionhandler
 .text          0x0000000080004c38      0x4f4 C:/devkitPro/libogc/lib/wii\libogc.a(cache_asm.o)
                0x0000000080004c38                DCFlashInvalidate
                0x0000000080004c4c                DCEnable
                0x0000000080004c60                DCDisable
                0x0000000080004c74                DCFreeze
                0x0000000080004c88                DCUnfreeze
                0x0000000080004c9c                DCTouchLoad
                0x0000000080004ca4                DCBlockZero
                0x0000000080004cac                DCBlockStore
                0x0000000080004cb4                DCBlockFlush
                0x0000000080004cbc                DCBlockInvalidate
                0x0000000080004cc4                DCInvalidateRange
                0x0000000080004cf4                DCFlushRange
                0x0000000080004d28                DCStoreRange
                0x0000000080004d5c                DCFlushRangeNoSync
                0x0000000080004d8c                DCStoreRangeNoSync
                0x0000000080004dbc                DCZeroRange
                0x0000000080004dec                DCTouchRange
                0x0000000080004e1c                ICInvalidateRange
                0x0000000080004e54                ICFlashInvalidate
                0x0000000080004e68                ICEnable
                0x0000000080004e7c                ICDisable
                0x0000000080004e90                ICFreeze
                0x0000000080004ea4                ICUnfreeze
                0x0000000080004eb8                ICBlockInvalidate
                0x0000000080004ec0                ICSync
                0x0000000080004ec8                L2Init
                0x0000000080004f10                L2Enable
                0x0000000080004f2c                L2Disable
                0x0000000080004f44                L2GlobalInvalidate
                0x0000000080004f9c                __LCEnable
                0x0000000080005068                LCDisable
                0x0000000080005090                LCAllocOneTag
                0x00000000800050a4                LCAllocTags
                0x00000000800050e4                LCLoadBlocks
                0x0000000080005108                LCStoreBlocks
 .text          0x000000008000512c      0x1ac C:/devkitPro/libogc/lib/wii\libogc.a(decrementer_handler.o)
                0x000000008000512c                dec_exceptionhandler
 .text          0x00000000800052d8      0x35c C:/devkitPro/libogc/lib/wii\libogc.a(exception_handler.o)
                0x00000000800052d8                exceptionhandler_start
                0x0000000080005354                exceptionhandler_patch
                0x0000000080005388                exceptionhandler_end
                0x000000008000538c                default_exceptionhandler
                0x00000000800054bc                fpu_exceptionhandler
                0x0000000080005604                systemcallhandler_start
                0x0000000080005630                systemcallhandler_end
 .text          0x0000000080005634       0x48 c:/devkitpro/devkitppc/bin/../lib/gcc/powerpc-eabi/12.1.0\libgcc.a(eabi.o)
                0x0000000080005634                __eabi
 *(.text.*)
 .text.__do_global_dtors_aux
                0x000000008000567c       0xcc c:/devkitpro/devkitppc/bin/../lib/gcc/powerpc-eabi/12.1.0/crtbegin.o
 .text.frame_dummy
                0x0000000080005748       0x24 c:/devkitpro/devkitppc/bin/../lib/gcc/powerpc-eabi/12.1.0/crtbegin.o
 .text.__crtmain
                0x000000008000576c       0x44 c:/devkitpro/devkitppc/bin/../lib/gcc/powerpc-eabi/12.1.0/../../../../powerpc-eabi/lib/crtmain.o
                0x0000000080005770                __crtmain
 .text.startup.main
                0x00000000800057b0      0x148 template.o
                0x00000000800057b0                main
 .text.__wpad_assign_slot
                0x00000000800058f8      0x244 C:/devkitPro/libogc/lib/wii\libwiiuse.a(wpad.o)
                0x00000000800058f8                __wpad_assign_slot
 .text.__wpad_def_powcb
                0x0000000080005b3c        0x4 C:/devkitPro/libogc/lib/wii\libwiiuse.a(wpad.o)
 .text.__readlinkkey_finished
                0x0000000080005b40       0x34 C:/devkitPro/libogc/lib/wii\libwiiuse.a(wpad.o)
 .text.__wpad_patch_finished
                0x0000000080005b74       0x2c C:/devkitPro/libogc/lib/wii\libwiiuse.a(wpad.o)
 .text.__wpad_setfmt
                0x0000000080005ba0      0x158 C:/devkitPro/libogc/lib/wii\libwiiuse.a(wpad.o)
 .text.__wpad_eventCB
                0x0000000080005cf8      0xae4 C:/devkitPro/libogc/lib/wii\libwiiuse.a(wpad.o)
 .text.__wpad_disconnectCB
                0x00000000800067dc       0xd4 C:/devkitPro/libogc/lib/wii\libwiiuse.a(wpad.o)
                0x00000000800067dc                __wpad_disconnectCB
 .text.__wpad_timeouthandler
                0x00000000800068b0       0xb0 C:/devkitPro/libogc/lib/wii\libwiiuse.a(wpad.o)
 .text.__initcore_finished
                0x0000000080006960       0x48 C:/devkitPro/libogc/lib/wii\libwiiuse.a(wpad.o)
 .text.__wpad_init_finished
                0x00000000800069a8      0x18c C:/devkitPro/libogc/lib/wii\libwiiuse.a(wpad.o)
 .text.WPAD_ReadEvent
                0x0000000080006b34      0x690 C:/devkitPro/libogc/lib/wii\libwiiuse.a(wpad.o)
                0x0000000080006b34                WPAD_ReadEvent
 .text.WPAD_ReadPending
                0x00000000800071c4      0x1c4 C:/devkitPro/libogc/lib/wii\libwiiuse.a(wpad.o)
                0x00000000800071c4                WPAD_ReadPending
 .text.WPAD_Shutdown
                0x0000000080007388      0x108 C:/devkitPro/libogc/lib/wii\libwiiuse.a(wpad.o)
                0x0000000080007388                WPAD_Shutdown
 .text.WPAD_Init
                0x0000000080007490      0x2c4 C:/devkitPro/libogc/lib/wii\libwiiuse.a(wpad.o)
                0x0000000080007490                WPAD_Init
 .text.__wpad_onreset
                0x0000000080007754       0x34 C:/devkitPro/libogc/lib/wii\libwiiuse.a(wpad.o)
 .text.WPAD_ScanPads
                0x0000000080007788       0x94 C:/devkitPro/libogc/lib/wii\libwiiuse.a(wpad.o)
                0x0000000080007788                WPAD_ScanPads
 .text.WPAD_ButtonsDown
                0x000000008000781c       0x28 C:/devkitPro/libogc/lib/wii\libwiiuse.a(wpad.o)
                0x000000008000781c                WPAD_ButtonsDown
 .text.motion_plus_disconnected
                0x0000000080007844       0x10 C:/devkitPro/libogc/lib/wii\libwiiuse.a(motion_plus.o)
                0x0000000080007844                motion_plus_disconnected
 .text.motion_plus_event
                0x0000000080007854       0x64 C:/devkitPro/libogc/lib/wii\libwiiuse.a(motion_plus.o)
                0x0000000080007854                motion_plus_event
 .text.calculate_gforce
                0x00000000800078b8      0x114 C:/devkitPro/libogc/lib/wii\libwiiuse.a(dynamics.o)
                0x00000000800078b8                calculate_gforce
 .text.calc_joystick_state
                0x00000000800079cc      0x210 C:/devkitPro/libogc/lib/wii\libwiiuse.a(dynamics.o)
                0x00000000800079cc                calc_joystick_state
 .text.apply_smoothing
                0x0000000080007bdc      0x120 C:/devkitPro/libogc/lib/wii\libwiiuse.a(dynamics.o)
                0x0000000080007bdc                apply_smoothing
 .text.calculate_orientation
                0x0000000080007cfc      0x340 C:/devkitPro/libogc/lib/wii\libwiiuse.a(dynamics.o)
                0x0000000080007cfc                calculate_orientation
 .text.calc_balanceboard_state
                0x000000008000803c      0x3a4 C:/devkitPro/libogc/lib/wii\libwiiuse.a(dynamics.o)
                0x000000008000803c                calc_balanceboard_state
 .text.wiiuse_handshake
                0x00000000800083e0      0x26c C:/devkitPro/libogc/lib/wii\libwiiuse.a(io.o)
                0x00000000800083e0                wiiuse_handshake
 .text.wiiuse_handshake_expansion
                0x000000008000864c      0x1fc C:/devkitPro/libogc/lib/wii\libwiiuse.a(io.o)
                0x000000008000864c                wiiuse_handshake_expansion
 .text.wiiuse_handshake_expansion_start
                0x0000000080008848       0x5c C:/devkitPro/libogc/lib/wii\libwiiuse.a(io.o)
                0x0000000080008848                wiiuse_handshake_expansion_start
 .text.wiiuse_disable_expansion
                0x00000000800088a4      0x1b0 C:/devkitPro/libogc/lib/wii\libwiiuse.a(io.o)
                0x00000000800088a4                wiiuse_disable_expansion
 .text.__wiiuse_connected
                0x0000000080008a54       0x9c C:/devkitPro/libogc/lib/wii\libwiiuse.a(io_wii.o)
 .text.__wiiuse_disconnected
                0x0000000080008af0       0xb4 C:/devkitPro/libogc/lib/wii\libwiiuse.a(io_wii.o)
 .text.__wiiuse_receive
                0x0000000080008ba4       0xd0 C:/devkitPro/libogc/lib/wii\libwiiuse.a(io_wii.o)
 .text.__wiiuse_sensorbar_enable
                0x0000000080008c74       0x54 C:/devkitPro/libogc/lib/wii\libwiiuse.a(io_wii.o)
                0x0000000080008c74                __wiiuse_sensorbar_enable
 .text.wiiuse_register
                0x0000000080008cc8       0xf0 C:/devkitPro/libogc/lib/wii\libwiiuse.a(io_wii.o)
                0x0000000080008cc8                wiiuse_register
 .text.wiiuse_disconnect
                0x0000000080008db8       0x24 C:/devkitPro/libogc/lib/wii\libwiiuse.a(io_wii.o)
                0x0000000080008db8                wiiuse_disconnect
 .text.wiiuse_init_cmd_queue
                0x0000000080008ddc       0x9c C:/devkitPro/libogc/lib/wii\libwiiuse.a(io_wii.o)
                0x0000000080008ddc                wiiuse_init_cmd_queue
 .text.wiiuse_io_write
                0x0000000080008e78       0x1c C:/devkitPro/libogc/lib/wii\libwiiuse.a(io_wii.o)
                0x0000000080008e78                wiiuse_io_write
 .text.rotate_dots
                0x0000000080008e94      0x13c C:/devkitPro/libogc/lib/wii\libwiiuse.a(ir.o)
 .text.get_ir_sens.constprop.0.isra.0
                0x0000000080008fd0       0xdc C:/devkitPro/libogc/lib/wii\libwiiuse.a(ir.o)
 .text.wiiuse_set_ir_mode
                0x00000000800090ac       0x88 C:/devkitPro/libogc/lib/wii\libwiiuse.a(ir.o)
                0x00000000800090ac                wiiuse_set_ir_mode
 .text.wiiuse_set_ir
                0x0000000080009134      0x208 C:/devkitPro/libogc/lib/wii\libwiiuse.a(ir.o)
                0x0000000080009134                wiiuse_set_ir
 .text.wiiuse_set_ir_position
                0x000000008000933c       0x80 C:/devkitPro/libogc/lib/wii\libwiiuse.a(ir.o)
                0x000000008000933c                wiiuse_set_ir_position
 .text.wiiuse_set_aspect_ratio
                0x00000000800093bc       0xac C:/devkitPro/libogc/lib/wii\libwiiuse.a(ir.o)
                0x00000000800093bc                wiiuse_set_aspect_ratio
 .text.wiiuse_set_ir_sensitivity
                0x0000000080009468       0xd0 C:/devkitPro/libogc/lib/wii\libwiiuse.a(ir.o)
                0x0000000080009468                wiiuse_set_ir_sensitivity
 .text.calculate_basic_ir
                0x0000000080009538       0xf8 C:/devkitPro/libogc/lib/wii\libwiiuse.a(ir.o)
                0x0000000080009538                calculate_basic_ir
 .text.calculate_extended_ir
                0x0000000080009630       0x64 C:/devkitPro/libogc/lib/wii\libwiiuse.a(ir.o)
                0x0000000080009630                calculate_extended_ir
 .text.find_sensorbar
                0x0000000080009694      0xa20 C:/devkitPro/libogc/lib/wii\libwiiuse.a(ir.o)
                0x0000000080009694                find_sensorbar
 .text.apply_ir_smoothing
                0x000000008000a0b4      0x124 C:/devkitPro/libogc/lib/wii\libwiiuse.a(ir.o)
                0x000000008000a0b4                apply_ir_smoothing
 .text.interpret_ir_data
                0x000000008000a1d8      0x3e0 C:/devkitPro/libogc/lib/wii\libwiiuse.a(ir.o)
                0x000000008000a1d8                interpret_ir_data
 .text.nunchuk_handshake
                0x000000008000a5b8      0x308 C:/devkitPro/libogc/lib/wii\libwiiuse.a(nunchuk.o)
                0x000000008000a5b8                nunchuk_handshake
 .text.nunchuk_disconnected
                0x000000008000a8c0        0xc C:/devkitPro/libogc/lib/wii\libwiiuse.a(nunchuk.o)
                0x000000008000a8c0                nunchuk_disconnected
 .text.nunchuk_event
                0x000000008000a8cc       0xe0 C:/devkitPro/libogc/lib/wii\libwiiuse.a(nunchuk.o)
                0x000000008000a8cc                nunchuk_event
 .text.wii_board_handshake
                0x000000008000a9ac      0x284 C:/devkitPro/libogc/lib/wii\libwiiuse.a(wiiboard.o)
                0x000000008000a9ac                wii_board_handshake
 .text.wii_board_disconnected
                0x000000008000ac30        0xc C:/devkitPro/libogc/lib/wii\libwiiuse.a(wiiboard.o)
                0x000000008000ac30                wii_board_disconnected
 .text.wii_board_event
                0x000000008000ac3c       0x24 C:/devkitPro/libogc/lib/wii\libwiiuse.a(wiiboard.o)
                0x000000008000ac3c                wii_board_event
 .text.wiiuse_send_next_command
                0x000000008000ac60       0x58 C:/devkitPro/libogc/lib/wii\libwiiuse.a(wiiuse.o)
                0x000000008000ac60                wiiuse_send_next_command
 .text.wiiuse_init
                0x000000008000acb8      0x210 C:/devkitPro/libogc/lib/wii\libwiiuse.a(wiiuse.o)
                0x000000008000acb8                wiiuse_init
 .text.wiiuse_set_flags
                0x000000008000aec8       0x28 C:/devkitPro/libogc/lib/wii\libwiiuse.a(wiiuse.o)
                0x000000008000aec8                wiiuse_set_flags
 .text.wiiuse_read_data
                0x000000008000aef0      0x128 C:/devkitPro/libogc/lib/wii\libwiiuse.a(wiiuse.o)
                0x000000008000aef0                wiiuse_read_data
 .text.wiiuse_write_data
                0x000000008000b018      0x164 C:/devkitPro/libogc/lib/wii\libwiiuse.a(wiiuse.o)
                0x000000008000b018                wiiuse_write_data
 .text.wiiuse_sendcmd
                0x000000008000b17c      0x170 C:/devkitPro/libogc/lib/wii\libwiiuse.a(wiiuse.o)
                0x000000008000b17c                wiiuse_sendcmd
 .text.wiiuse_set_leds
                0x000000008000b2ec       0x50 C:/devkitPro/libogc/lib/wii\libwiiuse.a(wiiuse.o)
                0x000000008000b2ec                wiiuse_set_leds
 .text.wiiuse_set_report_type
                0x000000008000b33c       0xfc C:/devkitPro/libogc/lib/wii\libwiiuse.a(wiiuse.o)
                0x000000008000b33c                wiiuse_set_report_type
 .text.wiiuse_status
                0x000000008000b438       0x4c C:/devkitPro/libogc/lib/wii\libwiiuse.a(wiiuse.o)
                0x000000008000b438                wiiuse_status
 .text.wiiuse_motion_sensing
                0x000000008000b484       0x84 C:/devkitPro/libogc/lib/wii\libwiiuse.a(wiiuse.o)
                0x000000008000b484                wiiuse_motion_sensing
 .text.wiiuse_set_speaker
                0x000000008000b508      0x240 C:/devkitPro/libogc/lib/wii\libwiiuse.a(speaker.o)
                0x000000008000b508                wiiuse_set_speaker
 .text.classic_ctrl_handshake
                0x000000008000b748      0x3b8 C:/devkitPro/libogc/lib/wii\libwiiuse.a(classic.o)
                0x000000008000b748                classic_ctrl_handshake
 .text.classic_ctrl_disconnected
                0x000000008000bb00        0xc C:/devkitPro/libogc/lib/wii\libwiiuse.a(classic.o)
                0x000000008000bb00                classic_ctrl_disconnected
 .text.classic_ctrl_event
                0x000000008000bb0c      0x168 C:/devkitPro/libogc/lib/wii\libwiiuse.a(classic.o)
                0x000000008000bb0c                classic_ctrl_event
 .text.handle_expansion
                0x000000008000bc74       0x54 C:/devkitPro/libogc/lib/wii\libwiiuse.a(events.o)
 .text.parse_event
                0x000000008000bcc8      0x748 C:/devkitPro/libogc/lib/wii\libwiiuse.a(events.o)
                0x000000008000bcc8                parse_event
 .text.guitar_hero_3_handshake
                0x000000008000c410       0x5c C:/devkitPro/libogc/lib/wii\libwiiuse.a(guitar_hero_3.o)
                0x000000008000c410                guitar_hero_3_handshake
 .text.guitar_hero_3_disconnected
                0x000000008000c46c        0xc C:/devkitPro/libogc/lib/wii\libwiiuse.a(guitar_hero_3.o)
                0x000000008000c46c                guitar_hero_3_disconnected
 .text.guitar_hero_3_event
                0x000000008000c478       0x6c C:/devkitPro/libogc/lib/wii\libwiiuse.a(guitar_hero_3.o)
                0x000000008000c478                guitar_hero_3_event
 .text.acl_wlp_completed
                0x000000008000c4e4        0x8 C:/devkitPro/libogc/lib/wii\libbte.a(bte.o)
                0x000000008000c4e4                acl_wlp_completed
 .text.bt_alarmhandler
                0x000000008000c4ec       0x60 C:/devkitPro/libogc/lib/wii\libbte.a(bte.o)
 .text.__bte_send_pending_request
                0x000000008000c54c      0x108 C:/devkitPro/libogc/lib/wii\libbte.a(bte.o)
 .text.acl_conn_complete
                0x000000008000c654       0x2c C:/devkitPro/libogc/lib/wii\libbte.a(bte.o)
                0x000000008000c654                acl_conn_complete
 .text.l2cap_accepted
                0x000000008000c680      0x128 C:/devkitPro/libogc/lib/wii\libbte.a(bte.o)
                0x000000008000c680                l2cap_accepted
 .text.bte_process_input
                0x000000008000c7a8      0x148 C:/devkitPro/libogc/lib/wii\libbte.a(bte.o)
 .text.l2cap_disconnect_cfm
                0x000000008000c8f0      0x19c C:/devkitPro/libogc/lib/wii\libbte.a(bte.o)
                0x000000008000c8f0                l2cap_disconnect_cfm
 .text.l2cap_disconnected_ind
                0x000000008000ca8c      0x1a4 C:/devkitPro/libogc/lib/wii\libbte.a(bte.o)
                0x000000008000ca8c                l2cap_disconnected_ind
 .text.__bte_shutdown_finished
                0x000000008000cc30       0xd0 C:/devkitPro/libogc/lib/wii\libbte.a(bte.o)
 .text.bte_hci_apply_patch_complete
                0x000000008000cd00      0x160 C:/devkitPro/libogc/lib/wii\libbte.a(bte.o)
                0x000000008000cd00                bte_hci_apply_patch_complete
 .text.bte_hci_patch_complete
                0x000000008000ce60      0x380 C:/devkitPro/libogc/lib/wii\libbte.a(bte.o)
                0x000000008000ce60                bte_hci_patch_complete
 .text.bte_hci_initcore_complete
                0x000000008000d1e0      0x294 C:/devkitPro/libogc/lib/wii\libbte.a(bte.o)
                0x000000008000d1e0                bte_hci_initcore_complete
 .text.bte_read_stored_link_key_complete
                0x000000008000d474      0x26c C:/devkitPro/libogc/lib/wii\libbte.a(bte.o)
                0x000000008000d474                bte_read_stored_link_key_complete
 .text.bte_hci_initcore_complete2
                0x000000008000d6e0      0x24c C:/devkitPro/libogc/lib/wii\libbte.a(bte.o)
 .text.bte_hci_initsub_complete
                0x000000008000d92c      0x2c8 C:/devkitPro/libogc/lib/wii\libbte.a(bte.o)
                0x000000008000d92c                bte_hci_initsub_complete
 .text.BTE_Init
                0x000000008000dbf4      0x138 C:/devkitPro/libogc/lib/wii\libbte.a(bte.o)
                0x000000008000dbf4                BTE_Init
 .text.BTE_Shutdown
                0x000000008000dd2c      0x100 C:/devkitPro/libogc/lib/wii\libbte.a(bte.o)
                0x000000008000dd2c                BTE_Shutdown
 .text.BTE_InitCore
                0x000000008000de2c       0x8c C:/devkitPro/libogc/lib/wii\libbte.a(bte.o)
                0x000000008000de2c                BTE_InitCore
 .text.BTE_ApplyPatch
                0x000000008000deb8       0xa4 C:/devkitPro/libogc/lib/wii\libbte.a(bte.o)
                0x000000008000deb8                BTE_ApplyPatch
 .text.BTE_InitSub
                0x000000008000df5c       0x90 C:/devkitPro/libogc/lib/wii\libbte.a(bte.o)
                0x000000008000df5c                BTE_InitSub
 .text.BTE_ReadStoredLinkKey
                0x000000008000dfec       0x90 C:/devkitPro/libogc/lib/wii\libbte.a(bte.o)
                0x000000008000dfec                BTE_ReadStoredLinkKey
 .text.BTE_SetDisconnectCallback
                0x000000008000e07c        0x4 C:/devkitPro/libogc/lib/wii\libbte.a(bte.o)
                0x000000008000e07c                BTE_SetDisconnectCallback
 .text.bte_new  0x000000008000e080       0x54 C:/devkitPro/libogc/lib/wii\libbte.a(bte.o)
                0x000000008000e080                bte_new
 .text.bte_registerdeviceasync
                0x000000008000e0d4      0x158 C:/devkitPro/libogc/lib/wii\libbte.a(bte.o)
                0x000000008000e0d4                bte_registerdeviceasync
 .text.bte_disconnect
                0x000000008000e22c       0xd8 C:/devkitPro/libogc/lib/wii\libbte.a(bte.o)
                0x000000008000e22c                bte_disconnect
 .text.bte_senddata
                0x000000008000e304      0x100 C:/devkitPro/libogc/lib/wii\libbte.a(bte.o)
                0x000000008000e304                bte_senddata
 .text.bte_arg  0x000000008000e404       0x38 C:/devkitPro/libogc/lib/wii\libbte.a(bte.o)
                0x000000008000e404                bte_arg
 .text.bte_received
                0x000000008000e43c       0x38 C:/devkitPro/libogc/lib/wii\libbte.a(bte.o)
                0x000000008000e43c                bte_received
 .text.bte_disconnected
                0x000000008000e474       0x38 C:/devkitPro/libogc/lib/wii\libbte.a(bte.o)
                0x000000008000e474                bte_disconnected
 .text.hci_get_link
                0x000000008000e4ac       0x84 C:/devkitPro/libogc/lib/wii\libbte.a(hci.o)
 .text.hci_init
                0x000000008000e530       0x7c C:/devkitPro/libogc/lib/wii\libbte.a(hci.o)
                0x000000008000e530                hci_init
 .text.hci_close
                0x000000008000e5ac       0xd0 C:/devkitPro/libogc/lib/wii\libbte.a(hci.o)
                0x000000008000e5ac                hci_close
 .text.hci_reset_all
                0x000000008000e67c       0xb8 C:/devkitPro/libogc/lib/wii\libbte.a(hci.o)
                0x000000008000e67c                hci_reset_all
 .text.hci_arg  0x000000008000e734        0xc C:/devkitPro/libogc/lib/wii\libbte.a(hci.o)
                0x000000008000e734                hci_arg
 .text.hci_cmd_complete
                0x000000008000e740        0xc C:/devkitPro/libogc/lib/wii\libbte.a(hci.o)
                0x000000008000e740                hci_cmd_complete
 .text.hci_connection_complete
                0x000000008000e74c        0xc C:/devkitPro/libogc/lib/wii\libbte.a(hci.o)
                0x000000008000e74c                hci_connection_complete
 .text.hci_wlp_complete
                0x000000008000e758        0xc C:/devkitPro/libogc/lib/wii\libbte.a(hci.o)
                0x000000008000e758                hci_wlp_complete
 .text.hci_reset
                0x000000008000e764       0xa8 C:/devkitPro/libogc/lib/wii\libbte.a(hci.o)
                0x000000008000e764                hci_reset
 .text.hci_read_buffer_size
                0x000000008000e80c       0xa8 C:/devkitPro/libogc/lib/wii\libbte.a(hci.o)
                0x000000008000e80c                hci_read_buffer_size
 .text.hci_read_bd_addr
                0x000000008000e8b4       0xa8 C:/devkitPro/libogc/lib/wii\libbte.a(hci.o)
                0x000000008000e8b4                hci_read_bd_addr
 .text.hci_read_local_version
                0x000000008000e95c       0xa4 C:/devkitPro/libogc/lib/wii\libbte.a(hci.o)
                0x000000008000e95c                hci_read_local_version
 .text.hci_read_local_features
                0x000000008000ea00       0xa8 C:/devkitPro/libogc/lib/wii\libbte.a(hci.o)
                0x000000008000ea00                hci_read_local_features
 .text.hci_read_stored_link_key
                0x000000008000eaa8       0xfc C:/devkitPro/libogc/lib/wii\libbte.a(hci.o)
                0x000000008000eaa8                hci_read_stored_link_key
 .text.hci_write_page_timeout
                0x000000008000eba4       0xcc C:/devkitPro/libogc/lib/wii\libbte.a(hci.o)
                0x000000008000eba4                hci_write_page_timeout
 .text.hci_write_scan_enable
                0x000000008000ec70       0xb8 C:/devkitPro/libogc/lib/wii\libbte.a(hci.o)
                0x000000008000ec70                hci_write_scan_enable
 .text.hci_accecpt_conn_request
                0x000000008000ed28       0xdc C:/devkitPro/libogc/lib/wii\libbte.a(hci.o)
                0x000000008000ed28                hci_accecpt_conn_request
 .text.hci_write_local_name
                0x000000008000ee04       0xd4 C:/devkitPro/libogc/lib/wii\libbte.a(hci.o)
                0x000000008000ee04                hci_write_local_name
 .text.hci_write_pin_type
                0x000000008000eed8       0xb8 C:/devkitPro/libogc/lib/wii\libbte.a(hci.o)
                0x000000008000eed8                hci_write_pin_type
 .text.hci_write_inquiry_mode
                0x000000008000ef90       0xb8 C:/devkitPro/libogc/lib/wii\libbte.a(hci.o)
                0x000000008000ef90                hci_write_inquiry_mode
 .text.hci_write_page_scan_type
                0x000000008000f048       0xb8 C:/devkitPro/libogc/lib/wii\libbte.a(hci.o)
                0x000000008000f048                hci_write_page_scan_type
 .text.hci_write_inquiry_scan_type
                0x000000008000f100       0xb8 C:/devkitPro/libogc/lib/wii\libbte.a(hci.o)
                0x000000008000f100                hci_write_inquiry_scan_type
 .text.hci_vendor_specific_command
                0x000000008000f1b8       0xe4 C:/devkitPro/libogc/lib/wii\libbte.a(hci.o)
                0x000000008000f1b8                hci_vendor_specific_command
 .text.hci_write_link_policy_settings
                0x000000008000f29c      0x100 C:/devkitPro/libogc/lib/wii\libbte.a(hci.o)
                0x000000008000f29c                hci_write_link_policy_settings
 .text.hci_pin_code_request_neg_reply
                0x000000008000f39c       0xc8 C:/devkitPro/libogc/lib/wii\libbte.a(hci.o)
                0x000000008000f39c                hci_pin_code_request_neg_reply
 .text.hci_link_key_req_neg_reply
                0x000000008000f464       0xc8 C:/devkitPro/libogc/lib/wii\libbte.a(hci.o)
                0x000000008000f464                hci_link_key_req_neg_reply
 .text.hci_disconnect
                0x000000008000f52c       0xf8 C:/devkitPro/libogc/lib/wii\libbte.a(hci.o)
                0x000000008000f52c                hci_disconnect
 .text.hci_write_cod
                0x000000008000f624       0xc8 C:/devkitPro/libogc/lib/wii\libbte.a(hci.o)
                0x000000008000f624                hci_write_cod
 .text.hci_host_buffer_size
                0x000000008000f6ec      0x108 C:/devkitPro/libogc/lib/wii\libbte.a(hci.o)
                0x000000008000f6ec                hci_host_buffer_size
 .text.hci_host_num_comp_packets
                0x000000008000f7f4      0x104 C:/devkitPro/libogc/lib/wii\libbte.a(hci.o)
                0x000000008000f7f4                hci_host_num_comp_packets
 .text.lp_pdu_maxsize
                0x000000008000f8f8        0xc C:/devkitPro/libogc/lib/wii\libbte.a(hci.o)
                0x000000008000f8f8                lp_pdu_maxsize
 .text.lp_acl_write
                0x000000008000f904      0x154 C:/devkitPro/libogc/lib/wii\libbte.a(hci.o)
                0x000000008000f904                lp_acl_write
 .text.lp_write_flush_timeout
                0x000000008000fa58      0x100 C:/devkitPro/libogc/lib/wii\libbte.a(hci.o)
                0x000000008000fa58                lp_write_flush_timeout
 .text.hci_event_handler
                0x000000008000fb58      0xc70 C:/devkitPro/libogc/lib/wii\libbte.a(hci.o)
                0x000000008000fb58                hci_event_handler
 .text.hci_acldata_handler
                0x00000000800107c8      0x118 C:/devkitPro/libogc/lib/wii\libbte.a(hci.o)
                0x00000000800107c8                hci_acldata_handler
 .text.l2cap_init
                0x00000000800108e0       0x60 C:/devkitPro/libogc/lib/wii\libbte.a(l2cap.o)
                0x00000000800108e0                l2cap_init
 .text.l2cap_write
                0x0000000080010940      0x1a8 C:/devkitPro/libogc/lib/wii\libbte.a(l2cap.o)
                0x0000000080010940                l2cap_write
 .text.l2cap_new
                0x0000000080010ae8       0x60 C:/devkitPro/libogc/lib/wii\libbte.a(l2cap.o)
                0x0000000080010ae8                l2cap_new
 .text.l2cap_close
                0x0000000080010b48      0x1d4 C:/devkitPro/libogc/lib/wii\libbte.a(l2cap.o)
                0x0000000080010b48                l2cap_close
 .text.l2cap_reset_all
                0x0000000080010d1c      0x154 C:/devkitPro/libogc/lib/wii\libbte.a(l2cap.o)
                0x0000000080010d1c                l2cap_reset_all
 .text.l2cap_signal
                0x0000000080010e70      0x214 C:/devkitPro/libogc/lib/wii\libbte.a(l2cap.o)
                0x0000000080010e70                l2cap_signal
 .text.l2ca_config_req
                0x0000000080011084      0x168 C:/devkitPro/libogc/lib/wii\libbte.a(l2cap.o)
                0x0000000080011084                l2ca_config_req
 .text.l2ca_disconnect_req
                0x00000000800111ec       0xc4 C:/devkitPro/libogc/lib/wii\libbte.a(l2cap.o)
                0x00000000800111ec                l2ca_disconnect_req
 .text.l2cap_tmr
                0x00000000800112b0      0x280 C:/devkitPro/libogc/lib/wii\libbte.a(l2cap.o)
                0x00000000800112b0                l2cap_tmr
 .text.l2cap_process_sig
                0x0000000080011530     0x127c C:/devkitPro/libogc/lib/wii\libbte.a(l2cap.o)
                0x0000000080011530                l2cap_process_sig
 .text.l2cap_input
                0x00000000800127ac      0x578 C:/devkitPro/libogc/lib/wii\libbte.a(l2cap.o)
                0x00000000800127ac                l2cap_input
 .text.l2ca_datawrite
                0x0000000080012d24      0x118 C:/devkitPro/libogc/lib/wii\libbte.a(l2cap.o)
                0x0000000080012d24                l2ca_datawrite
 .text.lp_connect_cfm
                0x0000000080012e3c      0x184 C:/devkitPro/libogc/lib/wii\libbte.a(l2cap.o)
                0x0000000080012e3c                lp_connect_cfm
 .text.lp_connect_ind
                0x0000000080012fc0        0x4 C:/devkitPro/libogc/lib/wii\libbte.a(l2cap.o)
                0x0000000080012fc0                lp_connect_ind
 .text.lp_disconnect_ind
                0x0000000080012fc4      0x12c C:/devkitPro/libogc/lib/wii\libbte.a(l2cap.o)
                0x0000000080012fc4                lp_disconnect_ind
 .text.l2cap_disconnect_bb
                0x00000000800130f0       0x10 C:/devkitPro/libogc/lib/wii\libbte.a(l2cap.o)
                0x00000000800130f0                l2cap_disconnect_bb
 .text.l2cap_arg
                0x0000000080013100        0x8 C:/devkitPro/libogc/lib/wii\libbte.a(l2cap.o)
                0x0000000080013100                l2cap_arg
 .text.l2cap_connect_ind
                0x0000000080013108      0x100 C:/devkitPro/libogc/lib/wii\libbte.a(l2cap.o)
                0x0000000080013108                l2cap_connect_ind
 .text.l2cap_disconnect_ind
                0x0000000080013208        0x8 C:/devkitPro/libogc/lib/wii\libbte.a(l2cap.o)
                0x0000000080013208                l2cap_disconnect_ind
 .text.l2cap_recv
                0x0000000080013210        0x8 C:/devkitPro/libogc/lib/wii\libbte.a(l2cap.o)
                0x0000000080013210                l2cap_recv
 .text.btmemb_init
                0x0000000080013218       0x24 C:/devkitPro/libogc/lib/wii\libbte.a(btmemb.o)
                0x0000000080013218                btmemb_init
 .text.btmemb_alloc
                0x000000008001323c       0x98 C:/devkitPro/libogc/lib/wii\libbte.a(btmemb.o)
                0x000000008001323c                btmemb_alloc
 .text.btmemb_free
                0x00000000800132d4      0x110 C:/devkitPro/libogc/lib/wii\libbte.a(btmemb.o)
                0x00000000800132d4                btmemb_free
 .text.plug_holes
                0x00000000800133e4       0xb8 C:/devkitPro/libogc/lib/wii\libbte.a(btmemr.o)
 .text.btmemr_init
                0x000000008001349c       0xa4 C:/devkitPro/libogc/lib/wii\libbte.a(btmemr.o)
                0x000000008001349c                btmemr_init
 .text.btmemr_malloc
                0x0000000080013540      0x18c C:/devkitPro/libogc/lib/wii\libbte.a(btmemr.o)
                0x0000000080013540                btmemr_malloc
 .text.btmemr_free
                0x00000000800136cc       0x98 C:/devkitPro/libogc/lib/wii\libbte.a(btmemr.o)
                0x00000000800136cc                btmemr_free
 .text.btmemr_realloc
                0x0000000080013764      0x10c C:/devkitPro/libogc/lib/wii\libbte.a(btmemr.o)
                0x0000000080013764                btmemr_realloc
 .text.btpbuf_init
                0x0000000080013870       0x28 C:/devkitPro/libogc/lib/wii\libbte.a(btpbuf.o)
                0x0000000080013870                btpbuf_init
 .text.btpbuf_free
                0x0000000080013898      0x124 C:/devkitPro/libogc/lib/wii\libbte.a(btpbuf.o)
                0x0000000080013898                btpbuf_free
 .text.btpbuf_alloc
                0x00000000800139bc      0x238 C:/devkitPro/libogc/lib/wii\libbte.a(btpbuf.o)
                0x00000000800139bc                btpbuf_alloc
 .text.btpbuf_realloc
                0x0000000080013bf4       0xec C:/devkitPro/libogc/lib/wii\libbte.a(btpbuf.o)
                0x0000000080013bf4                btpbuf_realloc
 .text.btpbuf_header
                0x0000000080013ce0       0x8c C:/devkitPro/libogc/lib/wii\libbte.a(btpbuf.o)
                0x0000000080013ce0                btpbuf_header
 .text.btpbuf_ref
                0x0000000080013d6c       0x48 C:/devkitPro/libogc/lib/wii\libbte.a(btpbuf.o)
                0x0000000080013d6c                btpbuf_ref
 .text.btpbuf_chain
                0x0000000080013db4       0x9c C:/devkitPro/libogc/lib/wii\libbte.a(btpbuf.o)
                0x0000000080013db4                btpbuf_chain
 .text.btpbuf_dechain
                0x0000000080013e50       0x7c C:/devkitPro/libogc/lib/wii\libbte.a(btpbuf.o)
                0x0000000080013e50                btpbuf_dechain
 .text.btpbuf_take
                0x0000000080013ecc      0x13c C:/devkitPro/libogc/lib/wii\libbte.a(btpbuf.o)
                0x0000000080013ecc                btpbuf_take
 .text.__usb_closeCB
                0x0000000080014008       0x10 C:/devkitPro/libogc/lib/wii\libbte.a(physbusif.o)
 .text.__writebulkmsgCB
                0x0000000080014018       0x3c C:/devkitPro/libogc/lib/wii\libbte.a(physbusif.o)
 .text.__writectrlmsgCB
                0x0000000080014054       0x3c C:/devkitPro/libogc/lib/wii\libbte.a(physbusif.o)
 .text.__issue_intrread.part.0
                0x0000000080014090       0x80 C:/devkitPro/libogc/lib/wii\libbte.a(physbusif.o)
 .text.__readintrdataCB
                0x0000000080014110      0x150 C:/devkitPro/libogc/lib/wii\libbte.a(physbusif.o)
 .text.__issue_bulkread.part.0
                0x0000000080014260       0x80 C:/devkitPro/libogc/lib/wii\libbte.a(physbusif.o)
 .text.__readbulkdataCB
                0x00000000800142e0      0x150 C:/devkitPro/libogc/lib/wii\libbte.a(physbusif.o)
 .text.physbusif_init
                0x0000000080014430      0x1dc C:/devkitPro/libogc/lib/wii\libbte.a(physbusif.o)
                0x0000000080014430                physbusif_init
 .text.physbusif_close
                0x000000008001460c       0x20 C:/devkitPro/libogc/lib/wii\libbte.a(physbusif.o)
                0x000000008001460c                physbusif_close
 .text.physbusif_shutdown
                0x000000008001462c       0x24 C:/devkitPro/libogc/lib/wii\libbte.a(physbusif.o)
                0x000000008001462c                physbusif_shutdown
 .text.physbusif_reset_all
                0x0000000080014650        0x4 C:/devkitPro/libogc/lib/wii\libbte.a(physbusif.o)
                0x0000000080014650                physbusif_reset_all
 .text.physbusif_output
                0x0000000080014654      0x1e0 C:/devkitPro/libogc/lib/wii\libbte.a(physbusif.o)
                0x0000000080014654                physbusif_output
 .text.__console_clear_line
                0x0000000080014834       0x98 C:/devkitPro/libogc/lib/wii\libogc.a(console.o)
 .text.__console_clear
                0x00000000800148cc       0xbc C:/devkitPro/libogc/lib/wii\libogc.a(console.o)
 .text.__console_write
                0x0000000080014988      0x7e0 C:/devkitPro/libogc/lib/wii\libogc.a(console.o)
                0x0000000080014988                __console_write
 .text.__console_init
                0x0000000080015168      0x108 C:/devkitPro/libogc/lib/wii\libogc.a(console.o)
                0x0000000080015168                __console_init
 .text.CON_Init
                0x0000000080015270        0x4 C:/devkitPro/libogc/lib/wii\libogc.a(console.o)
                0x0000000080015270                CON_Init
 .text.CON_EnableGecko
                0x0000000080015274      0x100 C:/devkitPro/libogc/lib/wii\libogc.a(console.o)
                0x0000000080015274                CON_EnableGecko
 .text.__lwp_queue_initialize
                0x0000000080015374       0x98 C:/devkitPro/libogc/lib/wii\libogc.a(lwp_queue.o)
                0x0000000080015374                __lwp_queue_initialize
 .text.__lwp_queue_get
                0x000000008001540c       0x74 C:/devkitPro/libogc/lib/wii\libogc.a(lwp_queue.o)
                0x000000008001540c                __lwp_queue_get
 .text.__lwp_queue_append
                0x0000000080015480       0x4c C:/devkitPro/libogc/lib/wii\libogc.a(lwp_queue.o)
                0x0000000080015480                __lwp_queue_append
 .text.__lwp_isr_in_progress
                0x00000000800154cc        0x8 C:/devkitPro/libogc/lib/wii\libogc.a(lwp_threads.o)
                0x00000000800154cc                __lwp_isr_in_progress
 .text.__thread_dispatch_fp
                0x00000000800154d4       0x88 C:/devkitPro/libogc/lib/wii\libogc.a(lwp_threads.o)
                0x00000000800154d4                __thread_dispatch_fp
 .text.__thread_dispatch
                0x000000008001555c      0x110 C:/devkitPro/libogc/lib/wii\libogc.a(lwp_threads.o)
                0x000000008001555c                __thread_dispatch
 .text.__lwp_thread_resettimeslice
                0x000000008001566c       0xb4 C:/devkitPro/libogc/lib/wii\libogc.a(lwp_threads.o)
                0x000000008001566c                __lwp_thread_resettimeslice
 .text.__lwp_thread_tickle_timeslice
                0x0000000080015720       0xc8 C:/devkitPro/libogc/lib/wii\libogc.a(lwp_threads.o)
                0x0000000080015720                __lwp_thread_tickle_timeslice
 .text.__lwp_thread_setstate
                0x00000000800157e8      0x16c C:/devkitPro/libogc/lib/wii\libogc.a(lwp_threads.o)
                0x00000000800157e8                __lwp_thread_setstate
 .text.__lwp_thread_clearstate
                0x0000000080015954       0xe4 C:/devkitPro/libogc/lib/wii\libogc.a(lwp_threads.o)
                0x0000000080015954                __lwp_thread_clearstate
 .text.__lwp_thread_delayended
                0x0000000080015a38       0x48 C:/devkitPro/libogc/lib/wii\libogc.a(lwp_threads.o)
                0x0000000080015a38                __lwp_thread_delayended
 .text.__lwp_thread_settransient
                0x0000000080015a80       0xb4 C:/devkitPro/libogc/lib/wii\libogc.a(lwp_threads.o)
                0x0000000080015a80                __lwp_thread_settransient
 .text.__lwp_thread_changepriority
                0x0000000080015b34      0x1f8 C:/devkitPro/libogc/lib/wii\libogc.a(lwp_threads.o)
                0x0000000080015b34                __lwp_thread_changepriority
 .text.__lwp_thread_ready
                0x0000000080015d2c       0xf0 C:/devkitPro/libogc/lib/wii\libogc.a(lwp_threads.o)
                0x0000000080015d2c                __lwp_thread_ready
 .text.__lwp_thread_init
                0x0000000080015e1c      0x168 C:/devkitPro/libogc/lib/wii\libogc.a(lwp_threads.o)
                0x0000000080015e1c                __lwp_thread_init
 .text.__lwp_thread_close
                0x0000000080015f84      0x138 C:/devkitPro/libogc/lib/wii\libogc.a(lwp_threads.o)
                0x0000000080015f84                __lwp_thread_close
 .text.__lwp_thread_handler
                0x00000000800160bc       0xd8 C:/devkitPro/libogc/lib/wii\libogc.a(lwp_threads.o)
 .text.__lwp_thread_closeall
                0x0000000080016194       0xb4 C:/devkitPro/libogc/lib/wii\libogc.a(lwp_threads.o)
                0x0000000080016194                __lwp_thread_closeall
 .text.__lwp_thread_start
                0x0000000080016248       0xe8 C:/devkitPro/libogc/lib/wii\libogc.a(lwp_threads.o)
                0x0000000080016248                __lwp_thread_start
 .text.__lwp_thread_startmultitasking
                0x0000000080016330       0xac C:/devkitPro/libogc/lib/wii\libogc.a(lwp_threads.o)
                0x0000000080016330                __lwp_thread_startmultitasking
 .text.__lwp_thread_stopmultitasking
                0x00000000800163dc       0x58 C:/devkitPro/libogc/lib/wii\libogc.a(lwp_threads.o)
                0x00000000800163dc                __lwp_thread_stopmultitasking
 .text.__lwp_thread_coreinit
                0x0000000080016434       0xc8 C:/devkitPro/libogc/lib/wii\libogc.a(lwp_threads.o)
                0x0000000080016434                __lwp_thread_coreinit
 .text.idle_func
                0x00000000800164fc        0x4 C:/devkitPro/libogc/lib/wii\libogc.a(lwp.o)
 .text.__lwp_sysinit
                0x0000000080016500      0x114 C:/devkitPro/libogc/lib/wii\libogc.a(lwp.o)
                0x0000000080016500                __lwp_sysinit
 .text.LWP_InitQueue
                0x0000000080016614      0x148 C:/devkitPro/libogc/lib/wii\libogc.a(lwp.o)
                0x0000000080016614                LWP_InitQueue
 .text.LWP_CloseQueue
                0x000000008001675c       0xd4 C:/devkitPro/libogc/lib/wii\libogc.a(lwp.o)
                0x000000008001675c                LWP_CloseQueue
 .text.LWP_ThreadSleep
                0x0000000080016830      0x110 C:/devkitPro/libogc/lib/wii\libogc.a(lwp.o)
                0x0000000080016830                LWP_ThreadSleep
 .text.LWP_ThreadBroadcast
                0x0000000080016940       0x88 C:/devkitPro/libogc/lib/wii\libogc.a(lwp.o)
                0x0000000080016940                LWP_ThreadBroadcast
 .text.LWP_ThreadSignal
                0x00000000800169c8       0x74 C:/devkitPro/libogc/lib/wii\libogc.a(lwp.o)
                0x00000000800169c8                LWP_ThreadSignal
 .text.__lwp_stack_allocate
                0x0000000080016a3c       0x60 C:/devkitPro/libogc/lib/wii\libogc.a(lwp_stack.o)
                0x0000000080016a3c                __lwp_stack_allocate
 .text.__lwp_stack_free
                0x0000000080016a9c       0x1c C:/devkitPro/libogc/lib/wii\libogc.a(lwp_stack.o)
                0x0000000080016a9c                __lwp_stack_free
 .text.__lwp_wd_settimer
                0x0000000080016ab8       0xe0 C:/devkitPro/libogc/lib/wii\libogc.a(lwp_watchdog.o)
 .text.__lwp_watchdog_init
                0x0000000080016b98       0x2c C:/devkitPro/libogc/lib/wii\libogc.a(lwp_watchdog.o)
                0x0000000080016b98                __lwp_watchdog_init
 .text.__lwp_wd_insert
                0x0000000080016bc4      0x194 C:/devkitPro/libogc/lib/wii\libogc.a(lwp_watchdog.o)
                0x0000000080016bc4                __lwp_wd_insert
 .text.__lwp_wd_remove
                0x0000000080016d58      0x138 C:/devkitPro/libogc/lib/wii\libogc.a(lwp_watchdog.o)
                0x0000000080016d58                __lwp_wd_remove
 .text.__lwp_wd_tickle
                0x0000000080016e90      0x120 C:/devkitPro/libogc/lib/wii\libogc.a(lwp_watchdog.o)
                0x0000000080016e90                __lwp_wd_tickle
 .text.__lwp_wkspace_init
                0x0000000080016fb0       0xc0 C:/devkitPro/libogc/lib/wii\libogc.a(lwp_wkspace.o)
                0x0000000080016fb0                __lwp_wkspace_init
 .text.__lwp_objmgr_initinfo
                0x0000000080017070      0x1a0 C:/devkitPro/libogc/lib/wii\libogc.a(lwp_objmgr.o)
                0x0000000080017070                __lwp_objmgr_initinfo
 .text.__lwp_objmgr_getisrdisable
                0x0000000080017210       0x60 C:/devkitPro/libogc/lib/wii\libogc.a(lwp_objmgr.o)
                0x0000000080017210                __lwp_objmgr_getisrdisable
 .text.__lwp_objmgr_getnoprotection
                0x0000000080017270       0x24 C:/devkitPro/libogc/lib/wii\libogc.a(lwp_objmgr.o)
                0x0000000080017270                __lwp_objmgr_getnoprotection
 .text.__lwp_objmgr_get
                0x0000000080017294       0x70 C:/devkitPro/libogc/lib/wii\libogc.a(lwp_objmgr.o)
                0x0000000080017294                __lwp_objmgr_get
 .text.__lwp_objmgr_allocate
                0x0000000080017304       0x88 C:/devkitPro/libogc/lib/wii\libogc.a(lwp_objmgr.o)
                0x0000000080017304                __lwp_objmgr_allocate
 .text.__lwp_objmgr_free
                0x000000008001738c       0x60 C:/devkitPro/libogc/lib/wii\libogc.a(lwp_objmgr.o)
                0x000000008001738c                __lwp_objmgr_free
 .text.__lwp_heap_init
                0x00000000800173ec       0xa4 C:/devkitPro/libogc/lib/wii\libogc.a(lwp_heap.o)
                0x00000000800173ec                __lwp_heap_init
 .text.__lwp_heap_allocate
                0x0000000080017490      0x16c C:/devkitPro/libogc/lib/wii\libogc.a(lwp_heap.o)
                0x0000000080017490                __lwp_heap_allocate
 .text.__lwp_heap_free
                0x00000000800175fc      0x188 C:/devkitPro/libogc/lib/wii\libogc.a(lwp_heap.o)
                0x00000000800175fc                __lwp_heap_free
 .text.__SetInterrupts
                0x0000000080017784      0x27c C:/devkitPro/libogc/lib/wii\libogc.a(irq.o)
 .text.c_irqdispatcher
                0x0000000080017a00      0x28c C:/devkitPro/libogc/lib/wii\libogc.a(irq.o)
                0x0000000080017a00                c_irqdispatcher
 .text.__UnmaskIrq
                0x0000000080017c8c       0x84 C:/devkitPro/libogc/lib/wii\libogc.a(irq.o)
                0x0000000080017c8c                __UnmaskIrq
 .text.__MaskIrq
                0x0000000080017d10       0x84 C:/devkitPro/libogc/lib/wii\libogc.a(irq.o)
                0x0000000080017d10                __MaskIrq
 .text.__irq_init
                0x0000000080017d94       0x9c C:/devkitPro/libogc/lib/wii\libogc.a(irq.o)
                0x0000000080017d94                __irq_init
 .text.IRQ_Request
                0x0000000080017e30       0x50 C:/devkitPro/libogc/lib/wii\libogc.a(irq.o)
                0x0000000080017e30                IRQ_Request
 .text.IRQ_GetHandler
                0x0000000080017e80       0x44 C:/devkitPro/libogc/lib/wii\libogc.a(irq.o)
                0x0000000080017e80                IRQ_GetHandler
 .text.IRQ_Disable
                0x0000000080017ec4       0x1c C:/devkitPro/libogc/lib/wii\libogc.a(irq.o)
                0x0000000080017ec4                IRQ_Disable
 .text.IRQ_Restore
                0x0000000080017ee0       0x1c C:/devkitPro/libogc/lib/wii\libogc.a(irq.o)
                0x0000000080017ee0                IRQ_Restore
 .text.__VISendI2CData.constprop.0.isra.0
                0x0000000080017efc      0x450 C:/devkitPro/libogc/lib/wii\libogc.a(video.o)
 .text.__setFbbRegs.constprop.0
                0x000000008001834c      0x188 C:/devkitPro/libogc/lib/wii\libogc.a(video.o)
 .text.__VISetYUVSEL
                0x00000000800184d4       0xc0 C:/devkitPro/libogc/lib/wii\libogc.a(video.o)
 .text.VIDEO_Configure
                0x0000000080018594      0x5e0 C:/devkitPro/libogc/lib/wii\libogc.a(video.o)
                0x0000000080018594                VIDEO_Configure
 .text.VIDEO_WaitVSync
                0x0000000080018b74       0x74 C:/devkitPro/libogc/lib/wii\libogc.a(video.o)
                0x0000000080018b74                VIDEO_WaitVSync
 .text.VIDEO_SetFramebuffer
                0x0000000080018be8      0x108 C:/devkitPro/libogc/lib/wii\libogc.a(video.o)
                0x0000000080018be8                VIDEO_SetFramebuffer
 .text.VIDEO_SetNextFramebuffer
                0x0000000080018cf0       0x70 C:/devkitPro/libogc/lib/wii\libogc.a(video.o)
                0x0000000080018cf0                VIDEO_SetNextFramebuffer
 .text.VIDEO_Flush
                0x0000000080018d60       0xf4 C:/devkitPro/libogc/lib/wii\libogc.a(video.o)
                0x0000000080018d60                VIDEO_Flush
 .text.VIDEO_SetBlack
                0x0000000080018e54      0x144 C:/devkitPro/libogc/lib/wii\libogc.a(video.o)
                0x0000000080018e54                VIDEO_SetBlack
 .text.VIDEO_GetCurrentTvMode
                0x0000000080018f98       0x7c C:/devkitPro/libogc/lib/wii\libogc.a(video.o)
                0x0000000080018f98                VIDEO_GetCurrentTvMode
 .text.__VIRetraceHandler
                0x0000000080019014      0x294 C:/devkitPro/libogc/lib/wii\libogc.a(video.o)
 .text.__VISetupEncoder
                0x00000000800192a8      0x2cc C:/devkitPro/libogc/lib/wii\libogc.a(video.o)
 .text.VIDEO_Init
                0x0000000080019574      0x4cc C:/devkitPro/libogc/lib/wii\libogc.a(video.o)
                0x0000000080019574                VIDEO_Init
 .text.VIDEO_GetPreferredMode
                0x0000000080019a40      0x100 C:/devkitPro/libogc/lib/wii\libogc.a(video.o)
                0x0000000080019a40                VIDEO_GetPreferredMode
 .text.VIDEO_GetCurrentLine
                0x0000000080019b40       0x9c C:/devkitPro/libogc/lib/wii\libogc.a(video.o)
                0x0000000080019b40                VIDEO_GetCurrentLine
 .text.VIDEO_GetFrameBufferSize
                0x0000000080019bdc       0x30 C:/devkitPro/libogc/lib/wii\libogc.a(video.o)
                0x0000000080019bdc                VIDEO_GetFrameBufferSize
 .text.__call_resetfuncs
                0x0000000080019c0c       0xbc C:/devkitPro/libogc/lib/wii\libogc.a(system.o)
 .text.__MEMInterruptHandler
                0x0000000080019cc8       0x14 C:/devkitPro/libogc/lib/wii\libogc.a(system.o)
 .text.__RSWDefaultHandler
                0x0000000080019cdc        0x4 C:/devkitPro/libogc/lib/wii\libogc.a(system.o)
 .text.__POWDefaultHandler
                0x0000000080019ce0        0x4 C:/devkitPro/libogc/lib/wii\libogc.a(system.o)
 .text.__STMEventHandler
                0x0000000080019ce4      0x104 C:/devkitPro/libogc/lib/wii\libogc.a(system.o)
 .text.__sys_alarmhandler
                0x0000000080019de8       0xfc C:/devkitPro/libogc/lib/wii\libogc.a(system.o)
 .text.__getrtc
                0x0000000080019ee4      0x150 C:/devkitPro/libogc/lib/wii\libogc.a(system.o)
 .text.__sram_write
                0x000000008001a034      0x148 C:/devkitPro/libogc/lib/wii\libogc.a(system.o)
 .text.__sram_writecallback
                0x000000008001a17c       0x54 C:/devkitPro/libogc/lib/wii\libogc.a(system.o)
 .text.__mem_onreset
                0x000000008001a1d0       0x48 C:/devkitPro/libogc/lib/wii\libogc.a(system.o)
 .text.__unlocksram
                0x000000008001a218      0x180 C:/devkitPro/libogc/lib/wii\libogc.a(system.o)
 .text.__syscall_sbrk_r
                0x000000008001a398        0x4 C:/devkitPro/libogc/lib/wii\libogc.a(system.o)
                0x000000008001a398                __syscall_sbrk_r
 .text.__syscall_lock_init
                0x000000008001a39c        0x4 C:/devkitPro/libogc/lib/wii\libogc.a(system.o)
                0x000000008001a39c                __syscall_lock_init
 .text.__syscall_lock_close
                0x000000008001a3a0        0x4 C:/devkitPro/libogc/lib/wii\libogc.a(system.o)
                0x000000008001a3a0                __syscall_lock_close
 .text.__syscall_lock_release
                0x000000008001a3a4        0x4 C:/devkitPro/libogc/lib/wii\libogc.a(system.o)
                0x000000008001a3a4                __syscall_lock_release
 .text.__syscall_lock_acquire
                0x000000008001a3a8        0x4 C:/devkitPro/libogc/lib/wii\libogc.a(system.o)
                0x000000008001a3a8                __syscall_lock_acquire
 .text.__syscall_malloc_lock
                0x000000008001a3ac        0x4 C:/devkitPro/libogc/lib/wii\libogc.a(system.o)
                0x000000008001a3ac                __syscall_malloc_lock
 .text.__syscall_malloc_unlock
                0x000000008001a3b0        0x4 C:/devkitPro/libogc/lib/wii\libogc.a(system.o)
                0x000000008001a3b0                __syscall_malloc_unlock
 .text.__syscall_nanosleep
                0x000000008001a3b4        0x4 C:/devkitPro/libogc/lib/wii\libogc.a(system.o)
                0x000000008001a3b4                __syscall_nanosleep
 .text.__SYS_GetRTC
                0x000000008001a3b8       0xd4 C:/devkitPro/libogc/lib/wii\libogc.a(system.o)
                0x000000008001a3b8                __SYS_GetRTC
 .text.__SYS_GetIPCBufferLo
                0x000000008001a48c        0x8 C:/devkitPro/libogc/lib/wii\libogc.a(system.o)
                0x000000008001a48c                __SYS_GetIPCBufferLo
 .text.__SYS_GetIPCBufferHi
                0x000000008001a494        0x8 C:/devkitPro/libogc/lib/wii\libogc.a(system.o)
                0x000000008001a494                __SYS_GetIPCBufferHi
 .text.__SYS_DoPowerCB
                0x000000008001a49c       0x74 C:/devkitPro/libogc/lib/wii\libogc.a(system.o)
                0x000000008001a49c                __SYS_DoPowerCB
 .text.__SYS_PreInit
                0x000000008001a510        0x4 C:/devkitPro/libogc/lib/wii\libogc.a(system.o)
                0x000000008001a510                __SYS_PreInit
 .text.SYS_PreMain
                0x000000008001a514       0xc8 C:/devkitPro/libogc/lib/wii\libogc.a(system.o)
                0x000000008001a514                SYS_PreMain
 .text.SYS_ResetButtonDown
                0x000000008001a5dc       0x18 C:/devkitPro/libogc/lib/wii\libogc.a(system.o)
                0x000000008001a5dc                SYS_ResetButtonDown
 .text.SYS_ResetSystem
                0x000000008001a5f4      0x210 C:/devkitPro/libogc/lib/wii\libogc.a(system.o)
                0x000000008001a5f4                SYS_ResetSystem
 .text.__reload
                0x000000008001a804       0x80 C:/devkitPro/libogc/lib/wii\libogc.a(system.o)
                0x000000008001a804                __reload
 .text.__syscall_exit
                0x000000008001a884       0x88 C:/devkitPro/libogc/lib/wii\libogc.a(system.o)
                0x000000008001a884                __syscall_exit
 .text.SYS_RegisterResetFunc
                0x000000008001a90c       0x78 C:/devkitPro/libogc/lib/wii\libogc.a(system.o)
                0x000000008001a90c                SYS_RegisterResetFunc
 .text.SYS_SetArena1Lo
                0x000000008001a984       0x38 C:/devkitPro/libogc/lib/wii\libogc.a(system.o)
                0x000000008001a984                SYS_SetArena1Lo
 .text.SYS_GetArena1Lo
                0x000000008001a9bc       0x38 C:/devkitPro/libogc/lib/wii\libogc.a(system.o)
                0x000000008001a9bc                SYS_GetArena1Lo
 .text.SYS_GetArena1Hi
                0x000000008001a9f4       0x38 C:/devkitPro/libogc/lib/wii\libogc.a(system.o)
                0x000000008001a9f4                SYS_GetArena1Hi
 .text.SYS_SetArena2Lo
                0x000000008001aa2c       0x38 C:/devkitPro/libogc/lib/wii\libogc.a(system.o)
                0x000000008001aa2c                SYS_SetArena2Lo
 .text.SYS_GetArena2Lo
                0x000000008001aa64       0x38 C:/devkitPro/libogc/lib/wii\libogc.a(system.o)
                0x000000008001aa64                SYS_GetArena2Lo
 .text.SYS_SetArena2Hi
                0x000000008001aa9c       0x38 C:/devkitPro/libogc/lib/wii\libogc.a(system.o)
                0x000000008001aa9c                SYS_SetArena2Hi
 .text.SYS_GetArena2Hi
                0x000000008001aad4       0x38 C:/devkitPro/libogc/lib/wii\libogc.a(system.o)
                0x000000008001aad4                SYS_GetArena2Hi
 .text.SYS_AllocateFramebuffer
                0x000000008001ab0c       0x28 C:/devkitPro/libogc/lib/wii\libogc.a(system.o)
                0x000000008001ab0c                SYS_AllocateFramebuffer
 .text.SYS_CreateAlarm
                0x000000008001ab34      0x10c C:/devkitPro/libogc/lib/wii\libogc.a(system.o)
                0x000000008001ab34                SYS_CreateAlarm
 .text.SYS_SetAlarm
                0x000000008001ac40      0x1b0 C:/devkitPro/libogc/lib/wii\libogc.a(system.o)
                0x000000008001ac40                SYS_SetAlarm
 .text.SYS_SetPeriodicAlarm
                0x000000008001adf0      0x228 C:/devkitPro/libogc/lib/wii\libogc.a(system.o)
                0x000000008001adf0                SYS_SetPeriodicAlarm
 .text.SYS_RemoveAlarm
                0x000000008001b018      0x12c C:/devkitPro/libogc/lib/wii\libogc.a(system.o)
                0x000000008001b018                SYS_RemoveAlarm
 .text.SYS_CancelAlarm
                0x000000008001b144       0xdc C:/devkitPro/libogc/lib/wii\libogc.a(system.o)
                0x000000008001b144                SYS_CancelAlarm
 .text.SYS_GetWirelessID
                0x000000008001b220       0x90 C:/devkitPro/libogc/lib/wii\libogc.a(system.o)
                0x000000008001b220                SYS_GetWirelessID
 .text.SYS_SetWirelessID
                0x000000008001b2b0       0x90 C:/devkitPro/libogc/lib/wii\libogc.a(system.o)
                0x000000008001b2b0                SYS_SetWirelessID
 .text.SYS_SetGBSMode
                0x000000008001b340       0xa8 C:/devkitPro/libogc/lib/wii\libogc.a(system.o)
                0x000000008001b340                SYS_SetGBSMode
 .text.__sram_init
                0x000000008001b3e8      0x1b4 C:/devkitPro/libogc/lib/wii\libogc.a(system.o)
                0x000000008001b3e8                __sram_init
 .text.SYS_Init
                0x000000008001b59c      0x5f0 C:/devkitPro/libogc/lib/wii\libogc.a(system.o)
                0x000000008001b59c                SYS_Init
 .text.SYS_GetHollywoodRevision
                0x000000008001bb8c       0x3c C:/devkitPro/libogc/lib/wii\libogc.a(system.o)
                0x000000008001bb8c                SYS_GetHollywoodRevision
 .text.__lwp_cond_init
                0x000000008001bbc8       0x14 C:/devkitPro/libogc/lib/wii\libogc.a(cond.o)
                0x000000008001bbc8                __lwp_cond_init
 .text.__decrementer_init
                0x000000008001bbdc        0x4 C:/devkitPro/libogc/lib/wii\libogc.a(decrementer.o)
                0x000000008001bbdc                __decrementer_init
 .text.c_decrementer_handler
                0x000000008001bbe0        0xc C:/devkitPro/libogc/lib/wii\libogc.a(decrementer.o)
                0x000000008001bbe0                c_decrementer_handler
 .text.__lwp_mqbox_init
                0x000000008001bbec       0x14 C:/devkitPro/libogc/lib/wii\libogc.a(message.o)
                0x000000008001bbec                __lwp_mqbox_init
 .text.__si_transfer
                0x000000008001bc00      0x188 C:/devkitPro/libogc/lib/wii\libogc.a(si.o)
 .text.__si_alarmhandler
                0x000000008001bd88       0xe0 C:/devkitPro/libogc/lib/wii\libogc.a(si.o)
 .text.__si_completetransfer
                0x000000008001be68      0x1f4 C:/devkitPro/libogc/lib/wii\libogc.a(si.o)
 .text.__si_transfernext
                0x000000008001c05c       0xe8 C:/devkitPro/libogc/lib/wii\libogc.a(si.o)
 .text.SI_Busy  0x000000008001c144       0x18 C:/devkitPro/libogc/lib/wii\libogc.a(si.o)
                0x000000008001c144                SI_Busy
 .text.SI_IsChanBusy
                0x000000008001c15c       0x38 C:/devkitPro/libogc/lib/wii\libogc.a(si.o)
                0x000000008001c15c                SI_IsChanBusy
 .text.SI_SetXY
                0x000000008001c194       0x64 C:/devkitPro/libogc/lib/wii\libogc.a(si.o)
                0x000000008001c194                SI_SetXY
 .text.SI_EnablePolling
                0x000000008001c1f8       0x80 C:/devkitPro/libogc/lib/wii\libogc.a(si.o)
                0x000000008001c1f8                SI_EnablePolling
 .text.SI_DisablePolling
                0x000000008001c278       0x58 C:/devkitPro/libogc/lib/wii\libogc.a(si.o)
                0x000000008001c278                SI_DisablePolling
 .text.SI_SetSamplingRate
                0x000000008001c2d0       0xdc C:/devkitPro/libogc/lib/wii\libogc.a(si.o)
                0x000000008001c2d0                SI_SetSamplingRate
 .text.SI_RefreshSamplingRate
                0x000000008001c3ac        0x8 C:/devkitPro/libogc/lib/wii\libogc.a(si.o)
                0x000000008001c3ac                SI_RefreshSamplingRate
 .text.SI_GetStatus
                0x000000008001c3b4       0x78 C:/devkitPro/libogc/lib/wii\libogc.a(si.o)
                0x000000008001c3b4                SI_GetStatus
 .text.SI_GetResponseRaw
                0x000000008001c42c       0xe8 C:/devkitPro/libogc/lib/wii\libogc.a(si.o)
                0x000000008001c42c                SI_GetResponseRaw
 .text.SI_GetResponse
                0x000000008001c514       0xb8 C:/devkitPro/libogc/lib/wii\libogc.a(si.o)
                0x000000008001c514                SI_GetResponse
 .text.SI_SetCommand
                0x000000008001c5cc       0x10 C:/devkitPro/libogc/lib/wii\libogc.a(si.o)
                0x000000008001c5cc                SI_SetCommand
 .text.SI_Transfer
                0x000000008001c5dc      0x250 C:/devkitPro/libogc/lib/wii\libogc.a(si.o)
                0x000000008001c5dc                SI_Transfer
 .text.__si_gettypecallback
                0x000000008001c82c      0x2c0 C:/devkitPro/libogc/lib/wii\libogc.a(si.o)
 .text.__si_interrupthandler
                0x000000008001caec      0x26c C:/devkitPro/libogc/lib/wii\libogc.a(si.o)
 .text.SI_GetType
                0x000000008001cd58      0x1f4 C:/devkitPro/libogc/lib/wii\libogc.a(si.o)
                0x000000008001cd58                SI_GetType
 .text.SI_GetTypeAsync
                0x000000008001cf4c      0x138 C:/devkitPro/libogc/lib/wii\libogc.a(si.o)
                0x000000008001cf4c                SI_GetTypeAsync
 .text.SI_EnablePollingInterrupt
                0x000000008001d084       0x80 C:/devkitPro/libogc/lib/wii\libogc.a(si.o)
                0x000000008001d084                SI_EnablePollingInterrupt
 .text.SI_UnregisterPollingHandler
                0x000000008001d104       0xdc C:/devkitPro/libogc/lib/wii\libogc.a(si.o)
                0x000000008001d104                SI_UnregisterPollingHandler
 .text.__si_init
                0x000000008001d1e0       0xe8 C:/devkitPro/libogc/lib/wii\libogc.a(si.o)
                0x000000008001d1e0                __si_init
 .text.__ipc_sendrequest
                0x000000008001d2c8      0x104 C:/devkitPro/libogc/lib/wii\libogc.a(ipc.o)
 .text.__ipc_syncrequest
                0x000000008001d3cc       0xe4 C:/devkitPro/libogc/lib/wii\libogc.a(ipc.o)
 .text.__ioctlvfmtCB
                0x000000008001d4b0      0x158 C:/devkitPro/libogc/lib/wii\libogc.a(ipc.o)
 .text.__ios_ioctlvformat_parse
                0x000000008001d608      0x80c C:/devkitPro/libogc/lib/wii\libogc.a(ipc.o)
 .text.__ipc_asyncrequest
                0x000000008001de14      0x144 C:/devkitPro/libogc/lib/wii\libogc.a(ipc.o)
 .text.__ipc_interrupthandler
                0x000000008001df58      0x33c C:/devkitPro/libogc/lib/wii\libogc.a(ipc.o)
 .text.iosCreateHeap
                0x000000008001e294      0x12c C:/devkitPro/libogc/lib/wii\libogc.a(ipc.o)
                0x000000008001e294                iosCreateHeap
 .text.iosAlloc
                0x000000008001e3c0       0x30 C:/devkitPro/libogc/lib/wii\libogc.a(ipc.o)
                0x000000008001e3c0                iosAlloc
 .text.iosFree  0x000000008001e3f0       0x28 C:/devkitPro/libogc/lib/wii\libogc.a(ipc.o)
                0x000000008001e3f0                iosFree
 .text.__IPC_ClntInit
                0x000000008001e418       0xc8 C:/devkitPro/libogc/lib/wii\libogc.a(ipc.o)
                0x000000008001e418                __IPC_ClntInit
 .text.IOS_Open
                0x000000008001e4e0      0x110 C:/devkitPro/libogc/lib/wii\libogc.a(ipc.o)
                0x000000008001e4e0                IOS_Open
 .text.IOS_Close
                0x000000008001e5f0       0xf0 C:/devkitPro/libogc/lib/wii\libogc.a(ipc.o)
                0x000000008001e5f0                IOS_Close
 .text.IOS_CloseAsync
                0x000000008001e6e0       0xb4 C:/devkitPro/libogc/lib/wii\libogc.a(ipc.o)
                0x000000008001e6e0                IOS_CloseAsync
 .text.IOS_Read
                0x000000008001e794      0x10c C:/devkitPro/libogc/lib/wii\libogc.a(ipc.o)
                0x000000008001e794                IOS_Read
 .text.IOS_Write
                0x000000008001e8a0      0x10c C:/devkitPro/libogc/lib/wii\libogc.a(ipc.o)
                0x000000008001e8a0                IOS_Write
 .text.IOS_Ioctl
                0x000000008001e9ac      0x158 C:/devkitPro/libogc/lib/wii\libogc.a(ipc.o)
                0x000000008001e9ac                IOS_Ioctl
 .text.IOS_IoctlAsync
                0x000000008001eb04      0x148 C:/devkitPro/libogc/lib/wii\libogc.a(ipc.o)
                0x000000008001eb04                IOS_IoctlAsync
 .text.IOS_Ioctlv
                0x000000008001ec4c      0x1f0 C:/devkitPro/libogc/lib/wii\libogc.a(ipc.o)
                0x000000008001ec4c                IOS_Ioctlv
 .text.IOS_IoctlvAsync
                0x000000008001ee3c      0x1d4 C:/devkitPro/libogc/lib/wii\libogc.a(ipc.o)
                0x000000008001ee3c                IOS_IoctlvAsync
 .text.IOS_IoctlvFormat
                0x000000008001f010      0x16c C:/devkitPro/libogc/lib/wii\libogc.a(ipc.o)
                0x000000008001f010                IOS_IoctlvFormat
 .text.IOS_IoctlvReboot
                0x000000008001f17c      0x1f4 C:/devkitPro/libogc/lib/wii\libogc.a(ipc.o)
                0x000000008001f17c                IOS_IoctlvReboot
 .text.gettick  0x000000008001f370        0x8 C:/devkitPro/libogc/lib/wii\libogc.a(timesupp.o)
                0x000000008001f370                gettick
 .text.gettime  0x000000008001f378       0x18 C:/devkitPro/libogc/lib/wii\libogc.a(timesupp.o)
                0x000000008001f378                gettime
 .text.settime  0x000000008001f390       0x14 C:/devkitPro/libogc/lib/wii\libogc.a(timesupp.o)
                0x000000008001f390                settime
 .text.diff_usec
                0x000000008001f3a4       0x88 C:/devkitPro/libogc/lib/wii\libogc.a(timesupp.o)
                0x000000008001f3a4                diff_usec
 .text.__timesystem_init
                0x000000008001f42c       0x1c C:/devkitPro/libogc/lib/wii\libogc.a(timesupp.o)
                0x000000008001f42c                __timesystem_init
 .text.udelay   0x000000008001f448       0xac C:/devkitPro/libogc/lib/wii\libogc.a(timesupp.o)
                0x000000008001f448                udelay
 .text.__libogc_nanosleep
                0x000000008001f4f4      0x154 C:/devkitPro/libogc/lib/wii\libogc.a(timesupp.o)
                0x000000008001f4f4                __libogc_nanosleep
 .text.__libogc_lock_init
                0x000000008001f648       0x78 C:/devkitPro/libogc/lib/wii\libogc.a(lock_supp.o)
                0x000000008001f648                __libogc_lock_init
 .text.__libogc_lock_close
                0x000000008001f6c0       0x64 C:/devkitPro/libogc/lib/wii\libogc.a(lock_supp.o)
                0x000000008001f6c0                __libogc_lock_close
 .text.__libogc_lock_acquire
                0x000000008001f724       0x20 C:/devkitPro/libogc/lib/wii\libogc.a(lock_supp.o)
                0x000000008001f724                __libogc_lock_acquire
 .text.__libogc_lock_release
                0x000000008001f744       0x20 C:/devkitPro/libogc/lib/wii\libogc.a(lock_supp.o)
                0x000000008001f744                __libogc_lock_release
 .text.__libc_create_hook
                0x000000008001f764       0x10 C:/devkitPro/libogc/lib/wii\libogc.a(newlibc.o)
                0x000000008001f764                __libc_create_hook
 .text.__libc_start_hook
                0x000000008001f774       0x9c C:/devkitPro/libogc/lib/wii\libogc.a(newlibc.o)
                0x000000008001f774                __libc_start_hook
 .text.__libc_delete_hook
                0x000000008001f810      0x108 C:/devkitPro/libogc/lib/wii\libogc.a(newlibc.o)
                0x000000008001f810                __libc_delete_hook
 .text.__libc_init
                0x000000008001f918       0xb0 C:/devkitPro/libogc/lib/wii\libogc.a(newlibc.o)
                0x000000008001f918                __libc_init
 .text.__usbgecko_exi_unlock
                0x000000008001f9c8       0x34 C:/devkitPro/libogc/lib/wii\libogc.a(usbgecko.o)
 .text.usb_isgeckoalive
                0x000000008001f9fc      0x1c0 C:/devkitPro/libogc/lib/wii\libogc.a(usbgecko.o)
                0x000000008001f9fc                usb_isgeckoalive
 .text.usb_sendbuffer_ex
                0x000000008001fbbc      0x214 C:/devkitPro/libogc/lib/wii\libogc.a(usbgecko.o)
                0x000000008001fbbc                usb_sendbuffer_ex
 .text.usb_sendbuffer
                0x000000008001fdd0        0x8 C:/devkitPro/libogc/lib/wii\libogc.a(usbgecko.o)
                0x000000008001fdd0                usb_sendbuffer
 .text.usb_sendbuffer_safe_ex
                0x000000008001fdd8      0x29c C:/devkitPro/libogc/lib/wii\libogc.a(usbgecko.o)
                0x000000008001fdd8                usb_sendbuffer_safe_ex
 .text.usb_sendbuffer_safe
                0x0000000080020074        0x8 C:/devkitPro/libogc/lib/wii\libogc.a(usbgecko.o)
                0x0000000080020074                usb_sendbuffer_safe
 .text.__libogc_sbrk_r
                0x000000008002007c      0x29c C:/devkitPro/libogc/lib/wii\libogc.a(sbrk.o)
                0x000000008002007c                __libogc_sbrk_r
 .text.__memlock_init
                0x0000000080020318       0x7c C:/devkitPro/libogc/lib/wii\libogc.a(malloc_lock.o)
                0x0000000080020318                __memlock_init
 .text.__libogc_malloc_lock
                0x0000000080020394      0x1fc C:/devkitPro/libogc/lib/wii\libogc.a(malloc_lock.o)
                0x0000000080020394                __libogc_malloc_lock
 .text.__libogc_malloc_unlock
                0x0000000080020590       0x64 C:/devkitPro/libogc/lib/wii\libogc.a(malloc_lock.o)
                0x0000000080020590                __libogc_malloc_unlock
 .text.__STM_SetEventHook
                0x00000000800205f4       0xb0 C:/devkitPro/libogc/lib/wii\libogc.a(stm.o)
                0x00000000800205f4                __STM_SetEventHook
 .text.__STM_Init
                0x00000000800206a4       0x94 C:/devkitPro/libogc/lib/wii\libogc.a(stm.o)
                0x00000000800206a4                __STM_Init
 .text.__STMEventHandler
                0x0000000080020738       0x60 C:/devkitPro/libogc/lib/wii\libogc.a(stm.o)
 .text.__STM_ReleaseEventHook
                0x0000000080020798       0x80 C:/devkitPro/libogc/lib/wii\libogc.a(stm.o)
                0x0000000080020798                __STM_ReleaseEventHook
 .text.__STM_Close
                0x0000000080020818       0xac C:/devkitPro/libogc/lib/wii\libogc.a(stm.o)
                0x0000000080020818                __STM_Close
 .text.STM_RegisterEventHandler
                0x00000000800208c4       0x10 C:/devkitPro/libogc/lib/wii\libogc.a(stm.o)
                0x00000000800208c4                STM_RegisterEventHandler
 .text.STM_ShutdownToStandby
                0x00000000800208d4       0x50 C:/devkitPro/libogc/lib/wii\libogc.a(stm.o)
                0x00000000800208d4                STM_ShutdownToStandby
 .text.STM_ShutdownToIdle
                0x0000000080020924       0x70 C:/devkitPro/libogc/lib/wii\libogc.a(stm.o)
                0x0000000080020924                STM_ShutdownToIdle
 .text.STM_SetLedMode
                0x0000000080020994       0x40 C:/devkitPro/libogc/lib/wii\libogc.a(stm.o)
                0x0000000080020994                STM_SetLedMode
 .text.STM_RebootSystem
                0x00000000800209d4       0x50 C:/devkitPro/libogc/lib/wii\libogc.a(stm.o)
                0x00000000800209d4                STM_RebootSystem
 .text.__IOS_InitializeSubsystems
                0x0000000080020a24       0x44 C:/devkitPro/libogc/lib/wii\libogc.a(ios.o)
                0x0000000080020a24                __IOS_InitializeSubsystems
 .text.__IOS_ShutdownSubsystems
                0x0000000080020a68       0x44 C:/devkitPro/libogc/lib/wii\libogc.a(ios.o)
                0x0000000080020a68                __IOS_ShutdownSubsystems
 .text.__IOS_LoadStartupIOS
                0x0000000080020aac        0x8 C:/devkitPro/libogc/lib/wii\libogc.a(ios.o)
                0x0000000080020aac                __IOS_LoadStartupIOS
 .text._ES_fstat_r
                0x0000000080020ab4      0x11c C:/devkitPro/libogc/lib/wii\libogc.a(es.o)
 .text._ES_seek_r
                0x0000000080020bd0       0xe4 C:/devkitPro/libogc/lib/wii\libogc.a(es.o)
 .text._ES_close_r
                0x0000000080020cb4       0xac C:/devkitPro/libogc/lib/wii\libogc.a(es.o)
 .text.__ES_Init
                0x0000000080020d60       0x78 C:/devkitPro/libogc/lib/wii\libogc.a(es.o)
                0x0000000080020d60                __ES_Init
 .text.__ES_Close
                0x0000000080020dd8       0x54 C:/devkitPro/libogc/lib/wii\libogc.a(es.o)
                0x0000000080020dd8                __ES_Close
 .text.ES_GetTitleID
                0x0000000080020e2c       0x94 C:/devkitPro/libogc/lib/wii\libogc.a(es.o)
                0x0000000080020e2c                ES_GetTitleID
 .text.ES_LaunchTitle
                0x0000000080020ec0       0xa4 C:/devkitPro/libogc/lib/wii\libogc.a(es.o)
                0x0000000080020ec0                ES_LaunchTitle
 .text.ES_GetNumTicketViews
                0x0000000080020f64       0x98 C:/devkitPro/libogc/lib/wii\libogc.a(es.o)
                0x0000000080020f64                ES_GetNumTicketViews
 .text.ES_GetTicketViews
                0x0000000080020ffc       0x8c C:/devkitPro/libogc/lib/wii\libogc.a(es.o)
                0x0000000080020ffc                ES_GetTicketViews
 .text.ES_GetStoredTMD
                0x0000000080021088       0x90 C:/devkitPro/libogc/lib/wii\libogc.a(es.o)
                0x0000000080021088                ES_GetStoredTMD
 .text._ES_decodepath
                0x0000000080021118      0x384 C:/devkitPro/libogc/lib/wii\libogc.a(es.o)
 .text._ES_stat_r
                0x000000008002149c       0xe8 C:/devkitPro/libogc/lib/wii\libogc.a(es.o)
 .text._ES_open_r
                0x0000000080021584      0x1c8 C:/devkitPro/libogc/lib/wii\libogc.a(es.o)
 .text.ES_ReadContent
                0x000000008002174c       0x6c C:/devkitPro/libogc/lib/wii\libogc.a(es.o)
                0x000000008002174c                ES_ReadContent
 .text._ES_read_r
                0x00000000800217b8      0x1bc C:/devkitPro/libogc/lib/wii\libogc.a(es.o)
 .text.__usbv5_messageCB
                0x0000000080021974       0x5c C:/devkitPro/libogc/lib/wii\libogc.a(usb.o)
 .text.__usbv0_messageCB
                0x00000000800219d0       0xa8 C:/devkitPro/libogc/lib/wii\libogc.a(usb.o)
 .text.__usb_control_message
                0x0000000080021a78      0x478 C:/devkitPro/libogc/lib/wii\libogc.a(usb.o)
 .text.__usb_interrupt_bulk_message
                0x0000000080021ef0      0x2c4 C:/devkitPro/libogc/lib/wii\libogc.a(usb.o)
 .text.__usbv5_devicechangeCB
                0x00000000800221b4      0x180 C:/devkitPro/libogc/lib/wii\libogc.a(usb.o)
 .text.__usbv5_attachfinishCB
                0x0000000080022334       0xec C:/devkitPro/libogc/lib/wii\libogc.a(usb.o)
 .text.USB_FreeDescriptors.part.0
                0x0000000080022420       0xfc C:/devkitPro/libogc/lib/wii\libogc.a(usb.o)
 .text.USB_GetDescriptors.part.0
                0x000000008002251c      0x69c C:/devkitPro/libogc/lib/wii\libogc.a(usb.o)
 .text.USBV5_SuspendResume
                0x0000000080022bb8      0x138 C:/devkitPro/libogc/lib/wii\libogc.a(usb.o)
 .text.USBV5_GetDescriptors
                0x0000000080022cf0      0x518 C:/devkitPro/libogc/lib/wii\libogc.a(usb.o)
 .text.USB_Deinitialize
                0x0000000080023208       0xc8 C:/devkitPro/libogc/lib/wii\libogc.a(usb.o)
                0x0000000080023208                USB_Deinitialize
 .text.USB_Initialize
                0x00000000800232d0      0x2f0 C:/devkitPro/libogc/lib/wii\libogc.a(usb.o)
                0x00000000800232d0                USB_Initialize
 .text.USB_OpenDevice
                0x00000000800235c0      0x2b4 C:/devkitPro/libogc/lib/wii\libogc.a(usb.o)
                0x00000000800235c0                USB_OpenDevice
 .text.USBV5_CloseDevice
                0x0000000080023874      0x138 C:/devkitPro/libogc/lib/wii\libogc.a(usb.o)
                0x0000000080023874                USBV5_CloseDevice
 .text.USB_CloseDeviceAsync
                0x00000000800239ac       0xd0 C:/devkitPro/libogc/lib/wii\libogc.a(usb.o)
                0x00000000800239ac                USB_CloseDeviceAsync
 .text.USB_ReadIntrMsgAsync
                0x0000000080023a7c       0x28 C:/devkitPro/libogc/lib/wii\libogc.a(usb.o)
                0x0000000080023a7c                USB_ReadIntrMsgAsync
 .text.USB_ReadBlkMsgAsync
                0x0000000080023aa4       0x28 C:/devkitPro/libogc/lib/wii\libogc.a(usb.o)
                0x0000000080023aa4                USB_ReadBlkMsgAsync
 .text.USB_WriteBlkMsgAsync
                0x0000000080023acc       0x28 C:/devkitPro/libogc/lib/wii\libogc.a(usb.o)
                0x0000000080023acc                USB_WriteBlkMsgAsync
 .text.USB_WriteCtrlMsgAsync
                0x0000000080023af4        0x4 C:/devkitPro/libogc/lib/wii\libogc.a(usb.o)
                0x0000000080023af4                USB_WriteCtrlMsgAsync
 .text.__CheckARGV
                0x0000000080023af8       0x80 C:/devkitPro/libogc/lib/wii\libogc.a(argv.o)
                0x0000000080023af8                __CheckARGV
 .text.CONF_Init
                0x0000000080023b78      0x168 C:/devkitPro/libogc/lib/wii\libogc.a(conf.o)
                0x0000000080023b78                CONF_Init
 .text.__CONF_GetTxt
                0x0000000080023ce0      0x208 C:/devkitPro/libogc/lib/wii\libogc.a(conf.o)
                0x0000000080023ce0                __CONF_GetTxt
 .text.__CONF_Find
                0x0000000080023ee8       0xfc C:/devkitPro/libogc/lib/wii\libogc.a(conf.o)
                0x0000000080023ee8                __CONF_Find
 .text.CONF_GetLength
                0x0000000080023fe4      0x12c C:/devkitPro/libogc/lib/wii\libogc.a(conf.o)
                0x0000000080023fe4                CONF_GetLength
 .text.CONF_Get
                0x0000000080024110      0x13c C:/devkitPro/libogc/lib/wii\libogc.a(conf.o)
                0x0000000080024110                CONF_Get
 .text.CONF_GetShutdownMode
                0x000000008002424c       0x54 C:/devkitPro/libogc/lib/wii\libogc.a(conf.o)
                0x000000008002424c                CONF_GetShutdownMode
 .text.CONF_GetIdleLedMode
                0x00000000800242a0       0x54 C:/devkitPro/libogc/lib/wii\libogc.a(conf.o)
                0x00000000800242a0                CONF_GetIdleLedMode
 .text.CONF_GetProgressiveScan
                0x00000000800242f4       0x54 C:/devkitPro/libogc/lib/wii\libogc.a(conf.o)
                0x00000000800242f4                CONF_GetProgressiveScan
 .text.CONF_GetEuRGB60
                0x0000000080024348       0x54 C:/devkitPro/libogc/lib/wii\libogc.a(conf.o)
                0x0000000080024348                CONF_GetEuRGB60
 .text.CONF_GetIRSensitivity
                0x000000008002439c       0x54 C:/devkitPro/libogc/lib/wii\libogc.a(conf.o)
                0x000000008002439c                CONF_GetIRSensitivity
 .text.CONF_GetSensorBarPosition
                0x00000000800243f0       0x54 C:/devkitPro/libogc/lib/wii\libogc.a(conf.o)
                0x00000000800243f0                CONF_GetSensorBarPosition
 .text.CONF_GetCounterBias
                0x0000000080024444       0x4c C:/devkitPro/libogc/lib/wii\libogc.a(conf.o)
                0x0000000080024444                CONF_GetCounterBias
 .text.CONF_GetDisplayOffsetH
                0x0000000080024490       0x4c C:/devkitPro/libogc/lib/wii\libogc.a(conf.o)
                0x0000000080024490                CONF_GetDisplayOffsetH
 .text.CONF_GetPadDevices
                0x00000000800244dc       0x4c C:/devkitPro/libogc/lib/wii\libogc.a(conf.o)
                0x00000000800244dc                CONF_GetPadDevices
 .text.CONF_GetVideo
                0x0000000080024528       0x8c C:/devkitPro/libogc/lib/wii\libogc.a(conf.o)
                0x0000000080024528                CONF_GetVideo
 .text.__WII_WriteNANDBootInfo
                0x00000000800245b4       0xc4 C:/devkitPro/libogc/lib/wii\libogc.a(wiilaunch.o)
 .text.__WII_WriteStateFlags
                0x0000000080024678       0x9c C:/devkitPro/libogc/lib/wii\libogc.a(wiilaunch.o)
 .text.WII_Initialize
                0x0000000080024714      0x188 C:/devkitPro/libogc/lib/wii\libogc.a(wiilaunch.o)
                0x0000000080024714                WII_Initialize
 .text.WII_LaunchTitle
                0x000000008002489c      0x1ac C:/devkitPro/libogc/lib/wii\libogc.a(wiilaunch.o)
                0x000000008002489c                WII_LaunchTitle
 .text.WII_ReturnToMenu
                0x0000000080024a48       0x58 C:/devkitPro/libogc/lib/wii\libogc.a(wiilaunch.o)
                0x0000000080024a48                WII_ReturnToMenu
 .text.__lwp_priority_init
                0x0000000080024aa0       0x1c C:/devkitPro/libogc/lib/wii\libogc.a(lwp_priority.o)
                0x0000000080024aa0                __lwp_priority_init
 .text.__lwp_threadqueue_enqueuefifo
                0x0000000080024abc      0x144 C:/devkitPro/libogc/lib/wii\libogc.a(lwp_threadq.o)
                0x0000000080024abc                __lwp_threadqueue_enqueuefifo
 .text.__lwp_threadqueue_dequeuefifo
                0x0000000080024c00      0x14c C:/devkitPro/libogc/lib/wii\libogc.a(lwp_threadq.o)
                0x0000000080024c00                __lwp_threadqueue_dequeuefifo
 .text.__lwp_threadqueue_enqueuepriority
                0x0000000080024d4c      0x334 C:/devkitPro/libogc/lib/wii\libogc.a(lwp_threadq.o)
                0x0000000080024d4c                __lwp_threadqueue_enqueuepriority
 .text.__lwp_threadqueue_dequeuepriority
                0x0000000080025080      0x1d8 C:/devkitPro/libogc/lib/wii\libogc.a(lwp_threadq.o)
                0x0000000080025080                __lwp_threadqueue_dequeuepriority
 .text.__lwp_threadqueue_init
                0x0000000080025258       0x64 C:/devkitPro/libogc/lib/wii\libogc.a(lwp_threadq.o)
                0x0000000080025258                __lwp_threadqueue_init
 .text.__lwp_threadqueue_enqueue
                0x00000000800252bc      0x138 C:/devkitPro/libogc/lib/wii\libogc.a(lwp_threadq.o)
                0x00000000800252bc                __lwp_threadqueue_enqueue
 .text.__lwp_threadqueue_dequeue
                0x00000000800253f4       0x24 C:/devkitPro/libogc/lib/wii\libogc.a(lwp_threadq.o)
                0x00000000800253f4                __lwp_threadqueue_dequeue
 .text.__lwp_threadqueue_flush
                0x0000000080025418       0x68 C:/devkitPro/libogc/lib/wii\libogc.a(lwp_threadq.o)
                0x0000000080025418                __lwp_threadqueue_flush
 .text.__lwp_threadqueue_extractfifo
                0x0000000080025480       0xe8 C:/devkitPro/libogc/lib/wii\libogc.a(lwp_threadq.o)
                0x0000000080025480                __lwp_threadqueue_extractfifo
 .text.__lwp_threadqueue_extractpriority
                0x0000000080025568      0x148 C:/devkitPro/libogc/lib/wii\libogc.a(lwp_threadq.o)
                0x0000000080025568                __lwp_threadqueue_extractpriority
 .text.__lwp_threadqueue_timeout
                0x00000000800256b0       0xd0 C:/devkitPro/libogc/lib/wii\libogc.a(lwp_threadq.o)
 .text.__lwp_threadqueue_extractproxy
                0x0000000080025780       0x88 C:/devkitPro/libogc/lib/wii\libogc.a(lwp_threadq.o)
                0x0000000080025780                __lwp_threadqueue_extractproxy
 .text.__lwp_mutex_initialize
                0x0000000080025808       0xa4 C:/devkitPro/libogc/lib/wii\libogc.a(lwp_mutex.o)
                0x0000000080025808                __lwp_mutex_initialize
 .text.__lwp_mutex_surrender
                0x00000000800258ac      0x164 C:/devkitPro/libogc/lib/wii\libogc.a(lwp_mutex.o)
                0x00000000800258ac                __lwp_mutex_surrender
 .text.__lwp_mutex_seize_irq_blocking
                0x0000000080025a10       0xf8 C:/devkitPro/libogc/lib/wii\libogc.a(lwp_mutex.o)
                0x0000000080025a10                __lwp_mutex_seize_irq_blocking
 .text.__lwp_mutex_flush
                0x0000000080025b08        0x4 C:/devkitPro/libogc/lib/wii\libogc.a(lwp_mutex.o)
                0x0000000080025b08                __lwp_mutex_flush
 .text.__systemcall_init
                0x0000000080025b0c       0x70 C:/devkitPro/libogc/lib/wii\libogc.a(exception.o)
                0x0000000080025b0c                __systemcall_init
 .text.__exception_init
                0x0000000080025b7c      0x12c C:/devkitPro/libogc/lib/wii\libogc.a(exception.o)
                0x0000000080025b7c                __exception_init
 .text.__exception_close
                0x0000000080025ca8       0xac C:/devkitPro/libogc/lib/wii\libogc.a(exception.o)
                0x0000000080025ca8                __exception_close
 .text.__exception_closeall
                0x0000000080025d54       0x80 C:/devkitPro/libogc/lib/wii\libogc.a(exception.o)
                0x0000000080025d54                __exception_closeall
 .text.c_default_exceptionhandler
                0x0000000080025dd4      0x438 C:/devkitPro/libogc/lib/wii\libogc.a(exception.o)
                0x0000000080025dd4                c_default_exceptionhandler
 .text.__lwp_sema_init
                0x000000008002620c       0x14 C:/devkitPro/libogc/lib/wii\libogc.a(semaphore.o)
                0x000000008002620c                __lwp_sema_init
 .text.SPEC1_MakeStatus
                0x0000000080026220       0xf8 C:/devkitPro/libogc/lib/wii\libogc.a(pad.o)
 .text.__pad_samplinghandler
                0x0000000080026318        0x4 C:/devkitPro/libogc/lib/wii\libogc.a(pad.o)
 .text.__pad_doreset
                0x000000008002631c       0x50 C:/devkitPro/libogc/lib/wii\libogc.a(pad.o)
 .text.__pad_updateorigin
                0x000000008002636c       0xa0 C:/devkitPro/libogc/lib/wii\libogc.a(pad.o)
 .text.__pad_disable
                0x000000008002640c       0xbc C:/devkitPro/libogc/lib/wii\libogc.a(pad.o)
 .text.__pad_receivecheckcallback
                0x00000000800264c8       0x84 C:/devkitPro/libogc/lib/wii\libogc.a(pad.o)
 .text.__pad_typeandstatuscallback